[  1%] Building CXX object CMakeFiles/cuda_zstd_shared.dir/src/cuda_zstd_c_api.cpp.o
[  1%] Building CXX object CMakeFiles/cuda_zstd_static.dir/src/cuda_zstd_c_api.cpp.o
[  3%] Building CXX object CMakeFiles/cuda_zstd_shared.dir/src/cuda_zstd_types.cpp.o
[  3%] Building CXX object CMakeFiles/cuda_zstd_static.dir/src/cuda_zstd_types.cpp.o
[  5%] Building CUDA object CMakeFiles/cuda_zstd_shared.dir/src/cuda_zstd_manager.cu.o
[  7%] Building CUDA object CMakeFiles/cuda_zstd_shared.dir/src/cuda_zstd_lz77.cu.o
[  7%] Building CUDA object CMakeFiles/cuda_zstd_static.dir/src/cuda_zstd_manager.cu.o
[  7%] Building CUDA object CMakeFiles/cuda_zstd_static.dir/src/cuda_zstd_lz77.cu.o
In file included from /mnt/d/Research Experiments/TDPE_and_GPU_loading/NVComp with ZSTD/include/workspace_manager.h:9,
                 from /mnt/d/Research Experiments/TDPE_and_GPU_loading/NVComp with ZSTD/src/cuda_zstd_manager.cu:27:
/mnt/d/Research Experiments/TDPE_and_GPU_loading/NVComp with ZSTD/include/error_context.h:71: warning: "CHECK_STATUS" redefined
   71 | #define CHECK_STATUS(status) do { \
      | 
In file included from /mnt/d/Research Experiments/TDPE_and_GPU_loading/NVComp with ZSTD/include/cuda_zstd_manager.h:8,
                 from /mnt/d/Research Experiments/TDPE_and_GPU_loading/NVComp with ZSTD/src/cuda_zstd_manager.cu:17:
/mnt/d/Research Experiments/TDPE_and_GPU_loading/NVComp with ZSTD/include/cuda_zstd_types.h:382: note: this is the location of the previous definition
  382 | #define CHECK_STATUS(status) do { \
      | 
/mnt/d/Research Experiments/TDPE_and_GPU_loading/NVComp with ZSTD/include/error_context.h:80: warning: "CHECK_STATUS_MSG" redefined
   80 | #define CHECK_STATUS_MSG(status, msg) do { \
      | 
/mnt/d/Research Experiments/TDPE_and_GPU_loading/NVComp with ZSTD/include/cuda_zstd_types.h:390: note: this is the location of the previous definition
  390 | #define CHECK_STATUS_MSG(status, msg) do { \
      | 
/mnt/d/Research Experiments/TDPE_and_GPU_loading/NVComp with ZSTD/include/error_context.h:89: warning: "VALIDATE_NOT_NULL" redefined
   89 | #define VALIDATE_NOT_NULL(ptr, name) do { \
      | 
/mnt/d/Research Experiments/TDPE_and_GPU_loading/NVComp with ZSTD/include/cuda_zstd_types.h:399: note: this is the location of the previous definition
  399 | #define VALIDATE_NOT_NULL(ptr, name) do { \
      | 
/mnt/d/Research Experiments/TDPE_and_GPU_loading/NVComp with ZSTD/include/error_context.h:98: warning: "VALIDATE_RANGE" redefined
   98 | #define VALIDATE_RANGE(val, min, max, name) do { \
      | 
/mnt/d/Research Experiments/TDPE_and_GPU_loading/NVComp with ZSTD/include/cuda_zstd_types.h:408: note: this is the location of the previous definition
  408 | #define VALIDATE_RANGE(val, min, max, name) do { \
      | 
In file included from /mnt/d/Research Experiments/TDPE_and_GPU_loading/NVComp with ZSTD/include/workspace_manager.h:9,
                 from /mnt/d/Research Experiments/TDPE_and_GPU_loading/NVComp with ZSTD/src/cuda_zstd_manager.cu:27:
/mnt/d/Research Experiments/TDPE_and_GPU_loading/NVComp with ZSTD/include/error_context.h:71: warning: "CHECK_STATUS" redefined
   71 | #define CHECK_STATUS(status) do { \
      | 
In file included from /mnt/d/Research Experiments/TDPE_and_GPU_loading/NVComp with ZSTD/include/cuda_zstd_manager.h:8,
                 from /mnt/d/Research Experiments/TDPE_and_GPU_loading/NVComp with ZSTD/src/cuda_zstd_manager.cu:17:
/mnt/d/Research Experiments/TDPE_and_GPU_loading/NVComp with ZSTD/include/cuda_zstd_types.h:382: note: this is the location of the previous definition
  382 | #define CHECK_STATUS(status) do { \
      | 
/mnt/d/Research Experiments/TDPE_and_GPU_loading/NVComp with ZSTD/include/error_context.h:80: warning: "CHECK_STATUS_MSG" redefined
   80 | #define CHECK_STATUS_MSG(status, msg) do { \
      | 
/mnt/d/Research Experiments/TDPE_and_GPU_loading/NVComp with ZSTD/include/cuda_zstd_types.h:390: note: this is the location of the previous definition
  390 | #define CHECK_STATUS_MSG(status, msg) do { \
      | 
/mnt/d/Research Experiments/TDPE_and_GPU_loading/NVComp with ZSTD/include/error_context.h:89: warning: "VALIDATE_NOT_NULL" redefined
   89 | #define VALIDATE_NOT_NULL(ptr, name) do { \
      | 
/mnt/d/Research Experiments/TDPE_and_GPU_loading/NVComp with ZSTD/include/cuda_zstd_types.h:399: note: this is the location of the previous definition
  399 | #define VALIDATE_NOT_NULL(ptr, name) do { \
      | 
/mnt/d/Research Experiments/TDPE_and_GPU_loading/NVComp with ZSTD/include/error_context.h:98: warning: "VALIDATE_RANGE" redefined
   98 | #define VALIDATE_RANGE(val, min, max, name) do { \
      | 
/mnt/d/Research Experiments/TDPE_and_GPU_loading/NVComp with ZSTD/include/cuda_zstd_types.h:408: note: this is the location of the previous definition
  408 | #define VALIDATE_RANGE(val, min, max, name) do { \
      | 
[  9%] Building CUDA object CMakeFiles/cuda_zstd_static.dir/src/cuda_zstd_fse.cu.o
[  9%] Building CUDA object CMakeFiles/cuda_zstd_shared.dir/src/cuda_zstd_fse.cu.o
[ 11%] Building CUDA object CMakeFiles/cuda_zstd_shared.dir/src/cuda_zstd_huffman.cu.o
[ 11%] Building CUDA object CMakeFiles/cuda_zstd_static.dir/src/cuda_zstd_huffman.cu.o
In file included from /mnt/d/Research Experiments/TDPE_and_GPU_loading/NVComp with ZSTD/include/workspace_manager.h:9,
                 from /mnt/d/Research Experiments/TDPE_and_GPU_loading/NVComp with ZSTD/src/cuda_zstd_manager.cu:27:
/mnt/d/Research Experiments/TDPE_and_GPU_loading/NVComp with ZSTD/include/error_context.h:71: warning: "CHECK_STATUS" redefined
   71 | #define CHECK_STATUS(status) do { \
      | 
In file included from /mnt/d/Research Experiments/TDPE_and_GPU_loading/NVComp with ZSTD/include/workspace_manager.h:9,
                 from /mnt/d/Research Experiments/TDPE_and_GPU_loading/NVComp with ZSTD/src/cuda_zstd_manager.cu:27:
/mnt/d/Research Experiments/TDPE_and_GPU_loading/NVComp with ZSTD/include/error_context.h:71: warning: "CHECK_STATUS" redefined
   71 | #define CHECK_STATUS(status) do { \
      | 
In file included from /mnt/d/Research Experiments/TDPE_and_GPU_loading/NVComp with ZSTD/include/cuda_zstd_manager.h:8,
                 from /mnt/d/Research Experiments/TDPE_and_GPU_loading/NVComp with ZSTD/src/cuda_zstd_manager.cu:17:
/mnt/d/Research Experiments/TDPE_and_GPU_loading/NVComp with ZSTD/include/cuda_zstd_types.h:382: note: this is the location of the previous definition
  382 | #define CHECK_STATUS(status) do { \
      | 
In file included from /mnt/d/Research Experiments/TDPE_and_GPU_loading/NVComp with ZSTD/include/cuda_zstd_manager.h:8,
                 from /mnt/d/Research Experiments/TDPE_and_GPU_loading/NVComp with ZSTD/src/cuda_zstd_manager.cu:17:
/mnt/d/Research Experiments/TDPE_and_GPU_loading/NVComp with ZSTD/include/cuda_zstd_types.h:382: note: this is the location of the previous definition
  382 | #define CHECK_STATUS(status) do { \
      | 
/mnt/d/Research Experiments/TDPE_and_GPU_loading/NVComp with ZSTD/include/error_context.h:80: warning: "CHECK_STATUS_MSG" redefined
   80 | #define CHECK_STATUS_MSG(status, msg) do { \
      | 
/mnt/d/Research Experiments/TDPE_and_GPU_loading/NVComp with ZSTD/include/error_context.h:80: warning: "CHECK_STATUS_MSG" redefined
   80 | #define CHECK_STATUS_MSG(status, msg) do { \
      | 
/mnt/d/Research Experiments/TDPE_and_GPU_loading/NVComp with ZSTD/include/cuda_zstd_types.h:390: note: this is the location of the previous definition
  390 | #define CHECK_STATUS_MSG(status, msg) do { \
      | 
/mnt/d/Research Experiments/TDPE_and_GPU_loading/NVComp with ZSTD/include/cuda_zstd_types.h:390: note: this is the location of the previous definition
  390 | #define CHECK_STATUS_MSG(status, msg) do { \
      | 
/mnt/d/Research Experiments/TDPE_and_GPU_loading/NVComp with ZSTD/include/error_context.h:89: warning: "VALIDATE_NOT_NULL" redefined
   89 | #define VALIDATE_NOT_NULL(ptr, name) do { \
      | 
/mnt/d/Research Experiments/TDPE_and_GPU_loading/NVComp with ZSTD/include/error_context.h:89: warning: "VALIDATE_NOT_NULL" redefined
   89 | #define VALIDATE_NOT_NULL(ptr, name) do { \
      | 
/mnt/d/Research Experiments/TDPE_and_GPU_loading/NVComp with ZSTD/include/cuda_zstd_types.h:399: note: this is the location of the previous definition
  399 | #define VALIDATE_NOT_NULL(ptr, name) do { \
      | 
/mnt/d/Research Experiments/TDPE_and_GPU_loading/NVComp with ZSTD/include/cuda_zstd_types.h:399: note: this is the location of the previous definition
  399 | #define VALIDATE_NOT_NULL(ptr, name) do { \
      | 
/mnt/d/Research Experiments/TDPE_and_GPU_loading/NVComp with ZSTD/include/error_context.h:98: warning: "VALIDATE_RANGE" redefined
   98 | #define VALIDATE_RANGE(val, min, max, name) do { \
      | 
/mnt/d/Research Experiments/TDPE_and_GPU_loading/NVComp with ZSTD/include/error_context.h:98: warning: "VALIDATE_RANGE" redefined
   98 | #define VALIDATE_RANGE(val, min, max, name) do { \
      | 
/mnt/d/Research Experiments/TDPE_and_GPU_loading/NVComp with ZSTD/include/cuda_zstd_types.h:408: note: this is the location of the previous definition
  408 | #define VALIDATE_RANGE(val, min, max, name) do { \
      | 
/mnt/d/Research Experiments/TDPE_and_GPU_loading/NVComp with ZSTD/include/cuda_zstd_types.h:408: note: this is the location of the previous definition
  408 | #define VALIDATE_RANGE(val, min, max, name) do { \
      | 
In file included from /mnt/d/Research Experiments/TDPE_and_GPU_loading/NVComp with ZSTD/include/workspace_manager.h:9,
                 from /mnt/d/Research Experiments/TDPE_and_GPU_loading/NVComp with ZSTD/src/cuda_zstd_manager.cu:27:
/mnt/d/Research Experiments/TDPE_and_GPU_loading/NVComp with ZSTD/include/error_context.h:71: warning: "CHECK_STATUS" redefined
   71 | #define CHECK_STATUS(status) do { \
      | 
In file included from /mnt/d/Research Experiments/TDPE_and_GPU_loading/NVComp with ZSTD/include/workspace_manager.h:9,
                 from /mnt/d/Research Experiments/TDPE_and_GPU_loading/NVComp with ZSTD/src/cuda_zstd_manager.cu:27:
/mnt/d/Research Experiments/TDPE_and_GPU_loading/NVComp with ZSTD/include/error_context.h:71: warning: "CHECK_STATUS" redefined
   71 | #define CHECK_STATUS(status) do { \
      | 
In file included from /mnt/d/Research Experiments/TDPE_and_GPU_loading/NVComp with ZSTD/include/cuda_zstd_manager.h:8,
                 from /mnt/d/Research Experiments/TDPE_and_GPU_loading/NVComp with ZSTD/src/cuda_zstd_manager.cu:17:
/mnt/d/Research Experiments/TDPE_and_GPU_loading/NVComp with ZSTD/include/cuda_zstd_types.h:382: note: this is the location of the previous definition
  382 | #define CHECK_STATUS(status) do { \
      | 
/mnt/d/Research Experiments/TDPE_and_GPU_loading/NVComp with ZSTD/include/error_context.h:80: warning: "CHECK_STATUS_MSG" redefined
   80 | #define CHECK_STATUS_MSG(status, msg) do { \
      | 
/mnt/d/Research Experiments/TDPE_and_GPU_loading/NVComp with ZSTD/include/cuda_zstd_types.h:390: note: this is the location of the previous definition
  390 | #define CHECK_STATUS_MSG(status, msg) do { \
      | 
/mnt/d/Research Experiments/TDPE_and_GPU_loading/NVComp with ZSTD/include/error_context.h:89: warning: "VALIDATE_NOT_NULL" redefined
   89 | #define VALIDATE_NOT_NULL(ptr, name) do { \
      | 
/mnt/d/Research Experiments/TDPE_and_GPU_loading/NVComp with ZSTD/include/cuda_zstd_types.h:399: note: this is the location of the previous definition
  399 | #define VALIDATE_NOT_NULL(ptr, name) do { \
      | 
/mnt/d/Research Experiments/TDPE_and_GPU_loading/NVComp with ZSTD/include/error_context.h:98: warning: "VALIDATE_RANGE" redefined
   98 | #define VALIDATE_RANGE(val, min, max, name) do { \
      | 
/mnt/d/Research Experiments/TDPE_and_GPU_loading/NVComp with ZSTD/include/cuda_zstd_types.h:408: note: this is the location of the previous definition
  408 | #define VALIDATE_RANGE(val, min, max, name) do { \
      | 
In file included from /mnt/d/Research Experiments/TDPE_and_GPU_loading/NVComp with ZSTD/include/cuda_zstd_manager.h:8,
                 from /mnt/d/Research Experiments/TDPE_and_GPU_loading/NVComp with ZSTD/src/cuda_zstd_manager.cu:17:
/mnt/d/Research Experiments/TDPE_and_GPU_loading/NVComp with ZSTD/include/cuda_zstd_types.h:382: note: this is the location of the previous definition
  382 | #define CHECK_STATUS(status) do { \
      | 
/mnt/d/Research Experiments/TDPE_and_GPU_loading/NVComp with ZSTD/include/error_context.h:80: warning: "CHECK_STATUS_MSG" redefined
   80 | #define CHECK_STATUS_MSG(status, msg) do { \
      | 
/mnt/d/Research Experiments/TDPE_and_GPU_loading/NVComp with ZSTD/include/cuda_zstd_types.h:390: note: this is the location of the previous definition
  390 | #define CHECK_STATUS_MSG(status, msg) do { \
      | 
/mnt/d/Research Experiments/TDPE_and_GPU_loading/NVComp with ZSTD/include/error_context.h:89: warning: "VALIDATE_NOT_NULL" redefined
   89 | #define VALIDATE_NOT_NULL(ptr, name) do { \
      | 
/mnt/d/Research Experiments/TDPE_and_GPU_loading/NVComp with ZSTD/include/cuda_zstd_types.h:399: note: this is the location of the previous definition
  399 | #define VALIDATE_NOT_NULL(ptr, name) do { \
      | 
/mnt/d/Research Experiments/TDPE_and_GPU_loading/NVComp with ZSTD/include/error_context.h:98: warning: "VALIDATE_RANGE" redefined
   98 | #define VALIDATE_RANGE(val, min, max, name) do { \
      | 
/mnt/d/Research Experiments/TDPE_and_GPU_loading/NVComp with ZSTD/include/cuda_zstd_types.h:408: note: this is the location of the previous definition
  408 | #define VALIDATE_RANGE(val, min, max, name) do { \
      | 
In file included from /mnt/d/Research Experiments/TDPE_and_GPU_loading/NVComp with ZSTD/include/workspace_manager.h:9,
                 from /mnt/d/Research Experiments/TDPE_and_GPU_loading/NVComp with ZSTD/src/cuda_zstd_manager.cu:27:
/mnt/d/Research Experiments/TDPE_and_GPU_loading/NVComp with ZSTD/include/error_context.h:71: warning: "CHECK_STATUS" redefined
   71 | #define CHECK_STATUS(status) do { \
      | 
In file included from /mnt/d/Research Experiments/TDPE_and_GPU_loading/NVComp with ZSTD/include/workspace_manager.h:9,
                 from /mnt/d/Research Experiments/TDPE_and_GPU_loading/NVComp with ZSTD/src/cuda_zstd_manager.cu:27:
/mnt/d/Research Experiments/TDPE_and_GPU_loading/NVComp with ZSTD/include/error_context.h:71: warning: "CHECK_STATUS" redefined
   71 | #define CHECK_STATUS(status) do { \
      | 
In file included from /mnt/d/Research Experiments/TDPE_and_GPU_loading/NVComp with ZSTD/include/cuda_zstd_manager.h:8,
                 from /mnt/d/Research Experiments/TDPE_and_GPU_loading/NVComp with ZSTD/src/cuda_zstd_manager.cu:17:
/mnt/d/Research Experiments/TDPE_and_GPU_loading/NVComp with ZSTD/include/cuda_zstd_types.h:382: note: this is the location of the previous definition
  382 | #define CHECK_STATUS(status) do { \
      | 
/mnt/d/Research Experiments/TDPE_and_GPU_loading/NVComp with ZSTD/include/error_context.h:80: warning: "CHECK_STATUS_MSG" redefined
   80 | #define CHECK_STATUS_MSG(status, msg) do { \
      | 
/mnt/d/Research Experiments/TDPE_and_GPU_loading/NVComp with ZSTD/include/cuda_zstd_types.h:390: note: this is the location of the previous definition
  390 | #define CHECK_STATUS_MSG(status, msg) do { \
      | 
/mnt/d/Research Experiments/TDPE_and_GPU_loading/NVComp with ZSTD/include/error_context.h:89: warning: "VALIDATE_NOT_NULL" redefined
   89 | #define VALIDATE_NOT_NULL(ptr, name) do { \
      | 
/mnt/d/Research Experiments/TDPE_and_GPU_loading/NVComp with ZSTD/include/cuda_zstd_types.h:399: note: this is the location of the previous definition
  399 | #define VALIDATE_NOT_NULL(ptr, name) do { \
      | 
/mnt/d/Research Experiments/TDPE_and_GPU_loading/NVComp with ZSTD/include/error_context.h:98: warning: "VALIDATE_RANGE" redefined
   98 | #define VALIDATE_RANGE(val, min, max, name) do { \
      | 
/mnt/d/Research Experiments/TDPE_and_GPU_loading/NVComp with ZSTD/include/cuda_zstd_types.h:408: note: this is the location of the previous definition
  408 | #define VALIDATE_RANGE(val, min, max, name) do { \
      | 
In file included from /mnt/d/Research Experiments/TDPE_and_GPU_loading/NVComp with ZSTD/include/cuda_zstd_manager.h:8,
                 from /mnt/d/Research Experiments/TDPE_and_GPU_loading/NVComp with ZSTD/src/cuda_zstd_manager.cu:17:
/mnt/d/Research Experiments/TDPE_and_GPU_loading/NVComp with ZSTD/include/cuda_zstd_types.h:382: note: this is the location of the previous definition
  382 | #define CHECK_STATUS(status) do { \
      | 
/mnt/d/Research Experiments/TDPE_and_GPU_loading/NVComp with ZSTD/include/error_context.h:80: warning: "CHECK_STATUS_MSG" redefined
   80 | #define CHECK_STATUS_MSG(status, msg) do { \
      | 
/mnt/d/Research Experiments/TDPE_and_GPU_loading/NVComp with ZSTD/include/cuda_zstd_types.h:390: note: this is the location of the previous definition
  390 | #define CHECK_STATUS_MSG(status, msg) do { \
      | 
/mnt/d/Research Experiments/TDPE_and_GPU_loading/NVComp with ZSTD/include/error_context.h:89: warning: "VALIDATE_NOT_NULL" redefined
   89 | #define VALIDATE_NOT_NULL(ptr, name) do { \
      | 
/mnt/d/Research Experiments/TDPE_and_GPU_loading/NVComp with ZSTD/include/cuda_zstd_types.h:399: note: this is the location of the previous definition
  399 | #define VALIDATE_NOT_NULL(ptr, name) do { \
      | 
/mnt/d/Research Experiments/TDPE_and_GPU_loading/NVComp with ZSTD/include/error_context.h:98: warning: "VALIDATE_RANGE" redefined
   98 | #define VALIDATE_RANGE(val, min, max, name) do { \
      | 
/mnt/d/Research Experiments/TDPE_and_GPU_loading/NVComp with ZSTD/include/cuda_zstd_types.h:408: note: this is the location of the previous definition
  408 | #define VALIDATE_RANGE(val, min, max, name) do { \
      | 
In file included from /mnt/d/Research Experiments/TDPE_and_GPU_loading/NVComp with ZSTD/include/workspace_manager.h:9,
                 from /mnt/d/Research Experiments/TDPE_and_GPU_loading/NVComp with ZSTD/src/cuda_zstd_manager.cu:27:
/mnt/d/Research Experiments/TDPE_and_GPU_loading/NVComp with ZSTD/include/error_context.h:71: warning: "CHECK_STATUS" redefined
   71 | #define CHECK_STATUS(status) do { \
      | 
In file included from /mnt/d/Research Experiments/TDPE_and_GPU_loading/NVComp with ZSTD/include/workspace_manager.h:9,
                 from /mnt/d/Research Experiments/TDPE_and_GPU_loading/NVComp with ZSTD/src/cuda_zstd_manager.cu:27:
/mnt/d/Research Experiments/TDPE_and_GPU_loading/NVComp with ZSTD/include/error_context.h:71: warning: "CHECK_STATUS" redefined
   71 | #define CHECK_STATUS(status) do { \
      | 
In file included from /mnt/d/Research Experiments/TDPE_and_GPU_loading/NVComp with ZSTD/include/cuda_zstd_manager.h:8,
                 from /mnt/d/Research Experiments/TDPE_and_GPU_loading/NVComp with ZSTD/src/cuda_zstd_manager.cu:17:
/mnt/d/Research Experiments/TDPE_and_GPU_loading/NVComp with ZSTD/include/cuda_zstd_types.h:382: note: this is the location of the previous definition
  382 | #define CHECK_STATUS(status) do { \
      | 
/mnt/d/Research Experiments/TDPE_and_GPU_loading/NVComp with ZSTD/include/error_context.h:80: warning: "CHECK_STATUS_MSG" redefined
   80 | #define CHECK_STATUS_MSG(status, msg) do { \
      | 
/mnt/d/Research Experiments/TDPE_and_GPU_loading/NVComp with ZSTD/include/cuda_zstd_types.h:390: note: this is the location of the previous definition
  390 | #define CHECK_STATUS_MSG(status, msg) do { \
      | 
/mnt/d/Research Experiments/TDPE_and_GPU_loading/NVComp with ZSTD/include/error_context.h:89: warning: "VALIDATE_NOT_NULL" redefined
   89 | #define VALIDATE_NOT_NULL(ptr, name) do { \
      | 
/mnt/d/Research Experiments/TDPE_and_GPU_loading/NVComp with ZSTD/include/cuda_zstd_types.h:399: note: this is the location of the previous definition
  399 | #define VALIDATE_NOT_NULL(ptr, name) do { \
      | 
In file included from /mnt/d/Research Experiments/TDPE_and_GPU_loading/NVComp with ZSTD/include/cuda_zstd_manager.h:8,
                 from /mnt/d/Research Experiments/TDPE_and_GPU_loading/NVComp with ZSTD/src/cuda_zstd_manager.cu:17:
/mnt/d/Research Experiments/TDPE_and_GPU_loading/NVComp with ZSTD/include/cuda_zstd_types.h:382: note: this is the location of the previous definition
  382 | #define CHECK_STATUS(status) do { \
      | 
/mnt/d/Research Experiments/TDPE_and_GPU_loading/NVComp with ZSTD/include/error_context.h:98: warning: "VALIDATE_RANGE" redefined
   98 | #define VALIDATE_RANGE(val, min, max, name) do { \
      | 
/mnt/d/Research Experiments/TDPE_and_GPU_loading/NVComp with ZSTD/include/cuda_zstd_types.h:408: note: this is the location of the previous definition
  408 | #define VALIDATE_RANGE(val, min, max, name) do { \
      | 
/mnt/d/Research Experiments/TDPE_and_GPU_loading/NVComp with ZSTD/include/error_context.h:80: warning: "CHECK_STATUS_MSG" redefined
   80 | #define CHECK_STATUS_MSG(status, msg) do { \
      | 
/mnt/d/Research Experiments/TDPE_and_GPU_loading/NVComp with ZSTD/include/cuda_zstd_types.h:390: note: this is the location of the previous definition
  390 | #define CHECK_STATUS_MSG(status, msg) do { \
      | 
/mnt/d/Research Experiments/TDPE_and_GPU_loading/NVComp with ZSTD/include/error_context.h:89: warning: "VALIDATE_NOT_NULL" redefined
   89 | #define VALIDATE_NOT_NULL(ptr, name) do { \
      | 
/mnt/d/Research Experiments/TDPE_and_GPU_loading/NVComp with ZSTD/include/cuda_zstd_types.h:399: note: this is the location of the previous definition
  399 | #define VALIDATE_NOT_NULL(ptr, name) do { \
      | 
/mnt/d/Research Experiments/TDPE_and_GPU_loading/NVComp with ZSTD/include/error_context.h:98: warning: "VALIDATE_RANGE" redefined
   98 | #define VALIDATE_RANGE(val, min, max, name) do { \
      | 
/mnt/d/Research Experiments/TDPE_and_GPU_loading/NVComp with ZSTD/include/cuda_zstd_types.h:408: note: this is the location of the previous definition
  408 | #define VALIDATE_RANGE(val, min, max, name) do { \
      | 
In file included from /mnt/d/Research Experiments/TDPE_and_GPU_loading/NVComp with ZSTD/include/workspace_manager.h:9,
                 from /mnt/d/Research Experiments/TDPE_and_GPU_loading/NVComp with ZSTD/src/cuda_zstd_manager.cu:27:
/mnt/d/Research Experiments/TDPE_and_GPU_loading/NVComp with ZSTD/include/error_context.h:71: warning: "CHECK_STATUS" redefined
   71 | #define CHECK_STATUS(status) do { \
      | 
In file included from /mnt/d/Research Experiments/TDPE_and_GPU_loading/NVComp with ZSTD/include/workspace_manager.h:9,
                 from /mnt/d/Research Experiments/TDPE_and_GPU_loading/NVComp with ZSTD/src/cuda_zstd_manager.cu:27:
/mnt/d/Research Experiments/TDPE_and_GPU_loading/NVComp with ZSTD/include/error_context.h:71: warning: "CHECK_STATUS" redefined
   71 | #define CHECK_STATUS(status) do { \
      | 
In file included from /mnt/d/Research Experiments/TDPE_and_GPU_loading/NVComp with ZSTD/include/cuda_zstd_manager.h:8,
                 from /mnt/d/Research Experiments/TDPE_and_GPU_loading/NVComp with ZSTD/src/cuda_zstd_manager.cu:17:
/mnt/d/Research Experiments/TDPE_and_GPU_loading/NVComp with ZSTD/include/cuda_zstd_types.h:382: note: this is the location of the previous definition
  382 | #define CHECK_STATUS(status) do { \
      | 
In file included from /mnt/d/Research Experiments/TDPE_and_GPU_loading/NVComp with ZSTD/include/cuda_zstd_manager.h:8,
                 from /mnt/d/Research Experiments/TDPE_and_GPU_loading/NVComp with ZSTD/src/cuda_zstd_manager.cu:17:
/mnt/d/Research Experiments/TDPE_and_GPU_loading/NVComp with ZSTD/include/cuda_zstd_types.h:382: note: this is the location of the previous definition
  382 | #define CHECK_STATUS(status) do { \
      | 
/mnt/d/Research Experiments/TDPE_and_GPU_loading/NVComp with ZSTD/include/error_context.h:80: warning: "CHECK_STATUS_MSG" redefined
   80 | #define CHECK_STATUS_MSG(status, msg) do { \
      | 
/mnt/d/Research Experiments/TDPE_and_GPU_loading/NVComp with ZSTD/include/error_context.h:80: warning: "CHECK_STATUS_MSG" redefined
   80 | #define CHECK_STATUS_MSG(status, msg) do { \
      | 
/mnt/d/Research Experiments/TDPE_and_GPU_loading/NVComp with ZSTD/include/cuda_zstd_types.h:390: note: this is the location of the previous definition
  390 | #define CHECK_STATUS_MSG(status, msg) do { \
      | 
/mnt/d/Research Experiments/TDPE_and_GPU_loading/NVComp with ZSTD/include/cuda_zstd_types.h:390: note: this is the location of the previous definition
  390 | #define CHECK_STATUS_MSG(status, msg) do { \
      | 
/mnt/d/Research Experiments/TDPE_and_GPU_loading/NVComp with ZSTD/include/error_context.h:89: warning: "VALIDATE_NOT_NULL" redefined
   89 | #define VALIDATE_NOT_NULL(ptr, name) do { \
      | 
/mnt/d/Research Experiments/TDPE_and_GPU_loading/NVComp with ZSTD/include/error_context.h:89: warning: "VALIDATE_NOT_NULL" redefined
   89 | #define VALIDATE_NOT_NULL(ptr, name) do { \
      | 
/mnt/d/Research Experiments/TDPE_and_GPU_loading/NVComp with ZSTD/include/cuda_zstd_types.h:399: note: this is the location of the previous definition
  399 | #define VALIDATE_NOT_NULL(ptr, name) do { \
      | 
/mnt/d/Research Experiments/TDPE_and_GPU_loading/NVComp with ZSTD/include/cuda_zstd_types.h:399: note: this is the location of the previous definition
  399 | #define VALIDATE_NOT_NULL(ptr, name) do { \
      | 
/mnt/d/Research Experiments/TDPE_and_GPU_loading/NVComp with ZSTD/include/error_context.h:98: warning: "VALIDATE_RANGE" redefined
   98 | #define VALIDATE_RANGE(val, min, max, name) do { \
      | 
/mnt/d/Research Experiments/TDPE_and_GPU_loading/NVComp with ZSTD/include/cuda_zstd_types.h:408: note: this is the location of the previous definition
  408 | #define VALIDATE_RANGE(val, min, max, name) do { \
      | 
/mnt/d/Research Experiments/TDPE_and_GPU_loading/NVComp with ZSTD/include/error_context.h:98: warning: "VALIDATE_RANGE" redefined
   98 | #define VALIDATE_RANGE(val, min, max, name) do { \
      | 
/mnt/d/Research Experiments/TDPE_and_GPU_loading/NVComp with ZSTD/include/cuda_zstd_types.h:408: note: this is the location of the previous definition
  408 | #define VALIDATE_RANGE(val, min, max, name) do { \
      | 
[ 12%] Building CUDA object CMakeFiles/cuda_zstd_shared.dir/src/cuda_zstd_dictionary.cu.o
[ 13%] Building CUDA object CMakeFiles/cuda_zstd_shared.dir/src/cuda_zstd_sequence.cu.o
[ 14%] Building CUDA object CMakeFiles/cuda_zstd_shared.dir/src/cuda_zstd_hash.cu.o
[ 14%] Building CUDA object CMakeFiles/cuda_zstd_static.dir/src/cuda_zstd_dictionary.cu.o
[ 15%] Building CUDA object CMakeFiles/cuda_zstd_shared.dir/src/cuda_zstd_xxhash.cu.o
[ 16%] Building CXX object CMakeFiles/cuda_zstd_shared.dir/src/cuda_zstd_nvcomp.cpp.o
[ 17%] Building CUDA object CMakeFiles/cuda_zstd_shared.dir/src/cuda_zstd_utils.cu.o
[ 18%] Building CUDA object CMakeFiles/cuda_zstd_static.dir/src/cuda_zstd_sequence.cu.o
[ 19%] Building CUDA object CMakeFiles/cuda_zstd_shared.dir/src/cuda_zstd_memory_pool_complex.cu.o
/mnt/d/Research Experiments/TDPE_and_GPU_loading/NVComp with ZSTD/src/cuda_zstd_dictionary.cu(106): warning #550-D: variable "local_max_idx" was set but never used
      u32 local_max_idx = 0;
          ^

Remark: The warnings can be suppressed with "-diag-suppress <warning-number>"

/mnt/d/Research Experiments/TDPE_and_GPU_loading/NVComp with ZSTD/src/cuda_zstd_dictionary.cu(21): warning #177-D: variable "cuda_zstd::dictionary::MAX_SAMPLES_FOR_TRAINING" was declared but never referenced
  constexpr u32 MAX_SAMPLES_FOR_TRAINING = 10000;
                ^

/mnt/d/Research Experiments/TDPE_and_GPU_loading/NVComp with ZSTD/src/cuda_zstd_dictionary.cu(106): warning #550-D: variable "local_max_idx" was set but never used
      u32 local_max_idx = 0;
          ^

Remark: The warnings can be suppressed with "-diag-suppress <warning-number>"

/mnt/d/Research Experiments/TDPE_and_GPU_loading/NVComp with ZSTD/src/cuda_zstd_dictionary.cu(21): warning #177-D: variable "cuda_zstd::dictionary::MAX_SAMPLES_FOR_TRAINING" was declared but never referenced
  constexpr u32 MAX_SAMPLES_FOR_TRAINING = 10000;
                ^

/mnt/d/Research Experiments/TDPE_and_GPU_loading/NVComp with ZSTD/src/cuda_zstd_dictionary.cu(106): warning #550-D: variable "local_max_idx" was set but never used
      u32 local_max_idx = 0;
          ^

Remark: The warnings can be suppressed with "-diag-suppress <warning-number>"

/mnt/d/Research Experiments/TDPE_and_GPU_loading/NVComp with ZSTD/src/cuda_zstd_dictionary.cu(21): warning #177-D: variable "cuda_zstd::dictionary::MAX_SAMPLES_FOR_TRAINING" was declared but never referenced
  constexpr u32 MAX_SAMPLES_FOR_TRAINING = 10000;
                ^

/mnt/d/Research Experiments/TDPE_and_GPU_loading/NVComp with ZSTD/src/cuda_zstd_dictionary.cu(106): warning #550-D: variable "local_max_idx" was set but never used
      u32 local_max_idx = 0;
          ^

Remark: The warnings can be suppressed with "-diag-suppress <warning-number>"

/mnt/d/Research Experiments/TDPE_and_GPU_loading/NVComp with ZSTD/src/cuda_zstd_dictionary.cu(21): warning #177-D: variable "cuda_zstd::dictionary::MAX_SAMPLES_FOR_TRAINING" was declared but never referenced
  constexpr u32 MAX_SAMPLES_FOR_TRAINING = 10000;
                ^

/mnt/d/Research Experiments/TDPE_and_GPU_loading/NVComp with ZSTD/src/cuda_zstd_dictionary.cu(106): warning #550-D: variable "local_max_idx" was set but never used
      u32 local_max_idx = 0;
          ^

Remark: The warnings can be suppressed with "-diag-suppress <warning-number>"

/mnt/d/Research Experiments/TDPE_and_GPU_loading/NVComp with ZSTD/src/cuda_zstd_dictionary.cu(21): warning #177-D: variable "cuda_zstd::dictionary::MAX_SAMPLES_FOR_TRAINING" was declared but never referenced
  constexpr u32 MAX_SAMPLES_FOR_TRAINING = 10000;
                ^

/mnt/d/Research Experiments/TDPE_and_GPU_loading/NVComp with ZSTD/src/cuda_zstd_dictionary.cu(106): warning #550-D: variable "local_max_idx" was set but never used
      u32 local_max_idx = 0;
          ^

Remark: The warnings can be suppressed with "-diag-suppress <warning-number>"

[ 19%] Building CXX object CMakeFiles/cuda_zstd_shared.dir/src/cuda_zstd_stacktrace.cpp.o
/mnt/d/Research Experiments/TDPE_and_GPU_loading/NVComp with ZSTD/src/cuda_zstd_dictionary.cu(21): warning #177-D: variable "cuda_zstd::dictionary::MAX_SAMPLES_FOR_TRAINING" was declared but never referenced
  constexpr u32 MAX_SAMPLES_FOR_TRAINING = 10000;
                ^

/mnt/d/Research Experiments/TDPE_and_GPU_loading/NVComp with ZSTD/src/cuda_zstd_dictionary.cu(106): warning #550-D: variable "local_max_idx" was set but never used
      u32 local_max_idx = 0;
          ^

Remark: The warnings can be suppressed with "-diag-suppress <warning-number>"

/mnt/d/Research Experiments/TDPE_and_GPU_loading/NVComp with ZSTD/src/cuda_zstd_dictionary.cu(21): warning #177-D: variable "cuda_zstd::dictionary::MAX_SAMPLES_FOR_TRAINING" was declared but never referenced
  constexpr u32 MAX_SAMPLES_FOR_TRAINING = 10000;
                ^

[ 20%] Building CUDA object CMakeFiles/cuda_zstd_shared.dir/src/cuda_zstd_debug.cu.o
/mnt/d/Research Experiments/TDPE_and_GPU_loading/NVComp with ZSTD/src/cuda_zstd_dictionary.cu(106): warning #550-D: variable "local_max_idx" was set but never used
      u32 local_max_idx = 0;
          ^

Remark: The warnings can be suppressed with "-diag-suppress <warning-number>"

[ 21%] Building CUDA object CMakeFiles/cuda_zstd_static.dir/src/cuda_zstd_hash.cu.o
/mnt/d/Research Experiments/TDPE_and_GPU_loading/NVComp with ZSTD/src/cuda_zstd_dictionary.cu(21): warning #177-D: variable "cuda_zstd::dictionary::MAX_SAMPLES_FOR_TRAINING" was declared but never referenced
  constexpr u32 MAX_SAMPLES_FOR_TRAINING = 10000;
                ^

/mnt/d/Research Experiments/TDPE_and_GPU_loading/NVComp with ZSTD/src/cuda_zstd_dictionary.cu(106): warning #550-D: variable "local_max_idx" was set but never used
      u32 local_max_idx = 0;
          ^

Remark: The warnings can be suppressed with "-diag-suppress <warning-number>"

/mnt/d/Research Experiments/TDPE_and_GPU_loading/NVComp with ZSTD/src/cuda_zstd_dictionary.cu(21): warning #177-D: variable "cuda_zstd::dictionary::MAX_SAMPLES_FOR_TRAINING" was declared but never referenced
  constexpr u32 MAX_SAMPLES_FOR_TRAINING = 10000;
                ^

/mnt/d/Research Experiments/TDPE_and_GPU_loading/NVComp with ZSTD/src/cuda_zstd_dictionary.cu(106): warning #550-D: variable "local_max_idx" was set but never used
      u32 local_max_idx = 0;
          ^

Remark: The warnings can be suppressed with "-diag-suppress <warning-number>"

/mnt/d/Research Experiments/TDPE_and_GPU_loading/NVComp with ZSTD/src/cuda_zstd_dictionary.cu(21): warning #177-D: variable "cuda_zstd::dictionary::MAX_SAMPLES_FOR_TRAINING" was declared but never referenced
  constexpr u32 MAX_SAMPLES_FOR_TRAINING = 10000;
                ^

[ 22%] Building CUDA object CMakeFiles/cuda_zstd_shared.dir/src/cuda_zstd_adaptive.cu.o
[ 23%] Building CXX object CMakeFiles/cuda_zstd_shared.dir/src/cuda_zstd_stream_pool.cpp.o
[ 24%] Building CUDA object CMakeFiles/cuda_zstd_static.dir/src/cuda_zstd_xxhash.cu.o
[ 25%] Building CUDA object CMakeFiles/cuda_zstd_shared.dir/src/workspace_manager.cu.o
[ 26%] Building CXX object CMakeFiles/cuda_zstd_shared.dir/src/error_context.cpp.o
[ 27%] Building CXX object CMakeFiles/cuda_zstd_static.dir/src/cuda_zstd_nvcomp.cpp.o
[ 28%] Building CUDA object CMakeFiles/cuda_zstd_static.dir/src/cuda_zstd_utils.cu.o
[ 29%] Building CUDA object CMakeFiles/cuda_zstd_static.dir/src/cuda_zstd_memory_pool_complex.cu.o
[ 30%] Building CXX object CMakeFiles/cuda_zstd_static.dir/src/cuda_zstd_stacktrace.cpp.o
[ 31%] Building CUDA object CMakeFiles/cuda_zstd_static.dir/src/cuda_zstd_debug.cu.o
[ 32%] Building CUDA object CMakeFiles/cuda_zstd_static.dir/src/cuda_zstd_adaptive.cu.o
[ 33%] Building CXX object CMakeFiles/cuda_zstd_static.dir/src/cuda_zstd_stream_pool.cpp.o
[ 34%] Building CUDA object CMakeFiles/cuda_zstd_static.dir/src/workspace_manager.cu.o
[ 35%] Building CXX object CMakeFiles/cuda_zstd_static.dir/src/error_context.cpp.o
[ 36%] Linking CUDA device code CMakeFiles/cuda_zstd_shared.dir/cmake_device_link.o
[ 37%] Linking CXX shared library libcuda_zstd.so
[ 37%] Built target cuda_zstd_shared
[ 37%] Linking CUDA device code CMakeFiles/cuda_zstd_static.dir/cmake_device_link.o
[ 38%] Linking CXX static library libcuda_zstd.a
[ 38%] Built target cuda_zstd_static
[ 45%] Building CUDA object CMakeFiles/test_basic_profile.dir/tests/test_basic_profile.cu.o
[ 45%] Building CUDA object CMakeFiles/test_dictionary_compression.dir/tests/test_dictionary_compression.cu.o
[ 45%] Building CUDA object CMakeFiles/test_dictionary.dir/tests/test_dictionary.cu.o
[ 45%] Building CUDA object CMakeFiles/test_adaptive_level.dir/tests/test_adaptive_level.cu.o
[ 45%] Building CUDA object CMakeFiles/test_correctness.dir/tests/test_correctness.cu.o
[ 45%] Building CUDA object CMakeFiles/simple_test.dir/tests/simple_test.cu.o
[ 45%] Building CUDA object CMakeFiles/test_alternative_allocation_strategies.dir/tests/test_alternative_allocation_strategies.cu.o
[ 45%] Building CUDA object CMakeFiles/test_comprehensive_fallback.dir/tests/test_comprehensive_fallback.cu.o
[ 46%] Linking CXX executable test_basic_profile
[ 46%] Built target test_basic_profile
[ 47%] Building CUDA object CMakeFiles/test_error_handling.dir/tests/test_error_handling.cu.o
[ 48%] Linking CXX executable simple_test
[ 49%] Linking CXX executable test_dictionary_compression
[ 50%] Linking CXX executable test_dictionary
[ 51%] Linking CXX executable test_comprehensive_fallback
[ 52%] Linking CXX executable test_correctness
[ 53%] Linking CXX executable test_adaptive_level
[ 54%] Linking CXX executable test_alternative_allocation_strategies
[ 54%] Built target simple_test
[ 55%] Building CUDA object CMakeFiles/test_fallback_strategies.dir/tests/test_fallback_strategies.cu.o
[ 55%] Built target test_dictionary_compression
[ 55%] Built target test_dictionary
[ 56%] Building CUDA object CMakeFiles/test_find_matches_small.dir/tests/test_find_matches_small.cu.o
[ 57%] Building CUDA object CMakeFiles/test_fse_advanced.dir/tests/test_fse_advanced.cu.o
[ 57%] Built target test_comprehensive_fallback
[ 58%] Building CUDA object CMakeFiles/test_fse_advanced_function.dir/tests/test_fse_advanced_function.cu.o
/usr/bin/ld: CMakeFiles/test_alternative_allocation_strategies.dir/tests/test_alternative_allocation_strategies.cu.o: in function `test_smart_allocation_interface()':
tmpxft_00000876_00000000-6_test_alternative_allocation_strategies.compute_90.cudafe1.cpp:(.text+0x21a3): undefined reference to `cuda_zstd::memory::MemoryPoolManager::allocate_smart(cuda_zstd::memory::AllocationContext const&)'
/usr/bin/ld: CMakeFiles/test_alternative_allocation_strategies.dir/tests/test_alternative_allocation_strategies.cu.o: in function `test_allocation_strategy_selection()':
tmpxft_00000876_00000000-6_test_alternative_allocation_strategies.compute_90.cudafe1.cpp:(.text+0x2824): undefined reference to `cuda_zstd::memory::MemoryPoolManager::allocate_with_strategy(unsigned long, cuda_zstd::memory::AllocationStrategy, CUstream_st*)'
/usr/bin/ld: CMakeFiles/test_alternative_allocation_strategies.dir/tests/test_alternative_allocation_strategies.cu.o: in function `test_dual_memory_allocation()':
tmpxft_00000876_00000000-6_test_alternative_allocation_strategies.compute_90.cudafe1.cpp:(.text+0x2e11): undefined reference to `cuda_zstd::memory::MemoryPoolManager::allocate_dual_memory(unsigned long, CUstream_st*)'
/usr/bin/ld: CMakeFiles/test_alternative_allocation_strategies.dir/tests/test_alternative_allocation_strategies.cu.o: in function `test_resource_state_tracking()':
tmpxft_00000876_00000000-6_test_alternative_allocation_strategies.compute_90.cudafe1.cpp:(.text+0x43ab): undefined reference to `cuda_zstd::memory::MemoryPoolManager::get_current_resource_state() const'
/usr/bin/ld: CMakeFiles/test_alternative_allocation_strategies.dir/tests/test_alternative_allocation_strategies.cu.o: in function `test_strategy_optimization()':
tmpxft_00000876_00000000-6_test_alternative_allocation_strategies.compute_90.cudafe1.cpp:(.text+0x499c): undefined reference to `cuda_zstd::memory::MemoryPoolManager::get_current_resource_state() const'
/usr/bin/ld: tmpxft_00000876_00000000-6_test_alternative_allocation_strategies.compute_90.cudafe1.cpp:(.text+0x49c7): undefined reference to `cuda_zstd::memory::MemoryPoolManager::select_optimal_strategy(cuda_zstd::memory::ResourceState const&, unsigned long) const'
/usr/bin/ld: tmpxft_00000876_00000000-6_test_alternative_allocation_strategies.compute_90.cudafe1.cpp:(.text+0x4a6a): undefined reference to `cuda_zstd::memory::MemoryPoolManager::calculate_optimal_allocation_size(cuda_zstd::memory::ResourceState const&, unsigned long) const'
/usr/bin/ld: tmpxft_00000876_00000000-6_test_alternative_allocation_strategies.compute_90.cudafe1.cpp:(.text+0x4b14): undefined reference to `cuda_zstd::memory::MemoryPoolManager::perform_resource_balance()'
/usr/bin/ld: CMakeFiles/test_alternative_allocation_strategies.dir/tests/test_alternative_allocation_strategies.cu.o: in function `test_advanced_statistics()':
tmpxft_00000876_00000000-6_test_alternative_allocation_strategies.compute_90.cudafe1.cpp:(.text+0x4e23): undefined reference to `cuda_zstd::memory::MemoryPoolManager::get_detailed_statistics(cuda_zstd::memory::PoolStats&) const'
/usr/bin/ld: CMakeFiles/test_alternative_allocation_strategies.dir/tests/test_alternative_allocation_strategies.cu.o: in function `test_performance_metrics()':
tmpxft_00000876_00000000-6_test_alternative_allocation_strategies.compute_90.cudafe1.cpp:(.text+0x5415): undefined reference to `cuda_zstd::memory::MemoryPoolManager::get_average_allocation_latency() const'
/usr/bin/ld: CMakeFiles/test_alternative_allocation_strategies.dir/tests/test_alternative_allocation_strategies.cu.o: in function `test_alternative_strategy_stress_test()::{lambda(int)#1}::operator()(int) const':
tmpxft_00000876_00000000-6_test_alternative_allocation_strategies.compute_90.cudafe1.cpp:(.text+0x566c): undefined reference to `cuda_zstd::memory::MemoryPoolManager::allocate_smart(cuda_zstd::memory::AllocationContext const&)'
/usr/bin/ld: tmpxft_00000876_00000000-6_test_alternative_allocation_strategies.compute_90.cudafe1.cpp:(.text+0x5723): undefined reference to `cuda_zstd::memory::MemoryPoolManager::allocate_dual_memory(unsigned long, CUstream_st*)'
/usr/bin/ld: CMakeFiles/test_alternative_allocation_strategies.dir/tests/test_alternative_allocation_strategies.cu.o: in function `test_alternative_strategy_stress_test()':
tmpxft_00000876_00000000-6_test_alternative_allocation_strategies.compute_90.cudafe1.cpp:(.text+0x604a): undefined reference to `cuda_zstd::memory::MemoryPoolManager::get_detailed_statistics(cuda_zstd::memory::PoolStats&) const'
/usr/bin/ld: CMakeFiles/test_alternative_allocation_strategies.dir/tests/test_alternative_allocation_strategies.cu.o: in function `main':
tmpxft_00000876_00000000-6_test_alternative_allocation_strategies.compute_90.cudafe1.cpp:(.text+0x66a0): undefined reference to `cuda_zstd::memory::MemoryPoolManager::get_detailed_statistics(cuda_zstd::memory::PoolStats&) const'
[ 58%] Built target test_adaptive_level
[ 58%] Built target test_correctness
[ 59%] Building CUDA object CMakeFiles/test_integration.dir/tests/test_integration.cu.o
[ 60%] Building CUDA object CMakeFiles/test_memory_pool.dir/tests/test_memory_pool.cu.o
collect2: error: ld returned 1 exit status
make[2]: *** [CMakeFiles/test_alternative_allocation_strategies.dir/build.make:100: test_alternative_allocation_strategies] Error 1
make[1]: *** [CMakeFiles/Makefile2:255: CMakeFiles/test_alternative_allocation_strategies.dir/all] Error 2
make[1]: *** Waiting for unfinished jobs....
/mnt/d/Research Experiments/TDPE_and_GPU_loading/NVComp with ZSTD/include/cuda_zstd_debug.h(9): warning #20044-D: extern declaration of the entity g_debug_print_counter is treated as a static definition

Remark: The warnings can be suppressed with "-diag-suppress <warning-number>"

/mnt/d/Research Experiments/TDPE_and_GPU_loading/NVComp with ZSTD/include/cuda_zstd_debug.h(10): warning #20044-D: extern declaration of the entity g_debug_print_limit is treated as a static definition

[ 61%] Linking CXX executable test_error_handling
/mnt/d/Research Experiments/TDPE_and_GPU_loading/NVComp with ZSTD/include/cuda_zstd_debug.h(9): warning #20044-D: extern declaration of the entity g_debug_print_counter is treated as a static definition

Remark: The warnings can be suppressed with "-diag-suppress <warning-number>"

/mnt/d/Research Experiments/TDPE_and_GPU_loading/NVComp with ZSTD/include/cuda_zstd_debug.h(10): warning #20044-D: extern declaration of the entity g_debug_print_limit is treated as a static definition

/mnt/d/Research Experiments/TDPE_and_GPU_loading/NVComp with ZSTD/tests/test_integration.cu(213): error: no suitable user-defined conversion from "std::vector<const cuda_zstd::byte_t *, std::allocator<const cuda_zstd::byte_t *>>" to "const std::vector<const void *, std::allocator<const void *>>" exists
      Status status = dictionary::DictionaryTrainer::train_dictionary(sample_ptrs, sample_sizes,
                                                                      ^

/mnt/d/Research Experiments/TDPE_and_GPU_loading/NVComp with ZSTD/tests/test_integration.cu(214): error: no suitable conversion function from "cuda_zstd::dictionary::CoverParams" to "const cuda_zstd::dictionary::CoverParams *" exists
                                                   dict, dict_size, dictionary::CoverParams(), 0);
                                                                    ^

2 errors detected in the compilation of "/mnt/d/Research Experiments/TDPE_and_GPU_loading/NVComp with ZSTD/tests/test_integration.cu".
make[2]: *** [CMakeFiles/test_integration.dir/build.make:77: CMakeFiles/test_integration.dir/tests/test_integration.cu.o] Error 2
make[1]: *** [CMakeFiles/Makefile2:541: CMakeFiles/test_integration.dir/all] Error 2
/mnt/d/Research Experiments/TDPE_and_GPU_loading/NVComp with ZSTD/include/cuda_zstd_debug.h(9): warning #20044-D: extern declaration of the entity g_debug_print_counter is treated as a static definition

Remark: The warnings can be suppressed with "-diag-suppress <warning-number>"

/mnt/d/Research Experiments/TDPE_and_GPU_loading/NVComp with ZSTD/include/cuda_zstd_debug.h(10): warning #20044-D: extern declaration of the entity g_debug_print_limit is treated as a static definition

/mnt/d/Research Experiments/TDPE_and_GPU_loading/NVComp with ZSTD/include/cuda_zstd_debug.h(9): warning #20044-D: extern declaration of the entity g_debug_print_counter is treated as a static definition

Remark: The warnings can be suppressed with "-diag-suppress <warning-number>"

/mnt/d/Research Experiments/TDPE_and_GPU_loading/NVComp with ZSTD/include/cuda_zstd_debug.h(10): warning #20044-D: extern declaration of the entity g_debug_print_limit is treated as a static definition

/mnt/d/Research Experiments/TDPE_and_GPU_loading/NVComp with ZSTD/include/cuda_zstd_debug.h(9): warning #20044-D: extern declaration of the entity g_debug_print_counter is treated as a static definition

Remark: The warnings can be suppressed with "-diag-suppress <warning-number>"

/mnt/d/Research Experiments/TDPE_and_GPU_loading/NVComp with ZSTD/include/cuda_zstd_debug.h(10): warning #20044-D: extern declaration of the entity g_debug_print_limit is treated as a static definition

[ 62%] Linking CXX executable test_fse_advanced_function
[ 62%] Built target test_error_handling
[ 62%] Linking CXX executable test_find_matches_small
[ 63%] Linking CXX executable test_fse_advanced
[ 64%] Linking CXX executable test_fallback_strategies
[ 65%] Linking CXX executable test_memory_pool
[ 65%] Built target test_fse_advanced_function
[ 65%] Built target test_find_matches_small
[ 65%] Built target test_fse_advanced
[ 65%] Built target test_fallback_strategies
[ 65%] Built target test_memory_pool
make: *** [Makefile:146: all] Error 2
