[DEBUG] read_block_header: block_type=2 (COMPRESSED), is_last=1, block_size=266
[DEBUG] Block Start Dump (266 bytes):
04 10 00 01 02 03 04 05 06 07 08 09 0a 0b 0c 0d 
0e 0f 10 11 12 13 14 15 16 17 18 19 1a 1b 1c 1d 
1e 1f 20 21 22 23 24 25 26 27 28 29 2a 2b 2c 2d 
2e 2f 30 31 32 33 34 35 36 37 38 39 3a 3b 3c 3d 
3e 3f 40 41 42 43 44 45 46 47 48 49 4a 4b 4c 4d 
4e 4f 50 51 52 53 54 55 56 57 58 59 5a 5b 5c 5d 
5e 5f 60 61 62 63 64 65 66 67 68 69 6a 6b 6c 6d 
6e 6f 70 71 72 73 74 75 76 77 78 79 7a 7b 7c 7d 
7e 7f 80 81 82 83 84 85 86 87 88 89 8a 8b 8c 8d 
8e 8f 90 91 92 93 94 95 96 97 98 99 9a 9b 9c 9d 
9e 9f a0 a1 a2 a3 a4 a5 a6 a7 a8 a9 aa ab ac ad 
ae af b0 b1 b2 b3 b4 b5 b6 b7 b8 b9 ba bb bc bd 
be bf c0 c1 c2 c3 c4 c5 c6 c7 c8 c9 ca cb cc cd 
ce cf d0 d1 d2 d3 d4 d5 d6 d7 d8 d9 da db dc dd 
de df e0 e1 e2 e3 e4 e5 e6 e7 e8 e9 ea eb ec ed 
ee ef f0 f1 f2 f3 f4 f5 f6 f7 f8 f9 fa fb fc fd 
fe ff 01 00 00 fd 06 aa 35 05 
[DEBUG] Modes Parsing Done. fse_modes=0x00, LL=0, OF=0, ML=0. Offset=2
[DEBUG] SeqHeader RAW: 01 00 00 fd 06 00 00 00 
[DEBUG] SeqSection Size: 8
[DEBUG] SeqSection END: 01 00 00 fd 06 aa 35 05 
[DEBUG] Calling decode_sequences_interleaved w/ Offset=2, Remaining=6
[DEBUG] FSE_buildDTable_Host: log=6 size=64 max_sym=35
[DEBUG] Freqs: 4 3 2 2 2 2 2 2 2 2 2 2 2 1 1 1 2 2 2 2 2 2 2 2 2 3 2 1 1 1 1 1 1 1 1 1 
========================================
RFC 8878 Integration Verification
========================================

[INT] Testing GPU Compress -> CPU Decompress (Size: 1024, Level: 1)
  [PASS] GPU Compress -> CPU Decompress successful
[INT] Testing CPU Compress -> GPU Decompress (Size: 1024, Level: 1)
  [INFO] CPU Generated Data Verified Valid (Size: 276)
[DEBUG] Decompress Workspace: 0x90be00000 (size=5242880)
[DEBUG] decompress d_input (src): 0x90ba00000
[DEBUG] Entry Probe 0x2000d SUCCESS. Val=00
[DEBUG] FSE_buildDTable_Host: log=5 size=32 max_sym=28
[DEBUG] Freqs: 1 1 1 1 1 1 2 2 2 1 1 1 1 1 1 1 1 1 1 1 1 1 1 1 1 1 1 1 1 
[DEBUG] FSE_buildDTable_Host: log=6 size=64 max_sym=52
[DEBUG] Freqs: 1 4 3 2 2 2 2 2 2 1 1 1 1 1 1 1 1 1 1 1 1 1 1 1 1 1 1 1 1 1 1 1 1 1 1 1 1 1 1 1 1 1 1 1 1 1 1 1 1 1 1 1 1 
[DEBUG] decode_sequences_interleaved returned: 0
[DEBUG] First 3 Sequences: LL=[2024,0,0] OF=[1037,0,0] ML=[3,0,0]
[KERNEL ERROR] Literals overflow at seq 0: Check=0 + 2024 > Limit=256
[DEBUG] read_block_header: block_type=2 (COMPRESSED), is_last=1, block_size=267
[DEBUG] Block Start Dump (267 bytes):
04 10 00 01 02 03 04 05 06 07 08 09 0a 0b 0c 0d 
0e 0f 10 11 12 13 14 15 16 17 18 19 1a 1b 1c 1d 
1e 1f 20 21 22 23 24 25 26 27 28 29 2a 2b 2c 2d 
2e 2f 30 31 32 33 34 35 36 37 38 39 3a 3b 3c 3d 
3e 3f 40 41 42 43 44 45 46 47 48 49 4a 4b 4c 4d 
4e 4f 50 51 52 53 54 55 56 57 58 59 5a 5b 5c 5d 
5e 5f 60 61 62 63 64 65 66 67 68 69 6a 6b 6c 6d 
6e 6f 70 71 72 73 74 75 76 77 78 79 7a 7b 7c 7d 
7e 7f 80 81 82 83 84 85 86 87 88 89 8a 8b 8c 8d 
8e 8f 90 91 92 93 94 95 96 97 98 99 9a 9b 9c 9d 
9e 9f a0 a1 a2 a3 a4 a5 a6 a7 a8 a9 aa ab ac ad 
ae af b0 b1 b2 b3 b4 b5 b6 b7 b8 b9 ba bb bc bd 
be bf c0 c1 c2 c3 c4 c5 c6 c7 c8 c9 ca cb cc cd 
ce cf d0 d1 d2 d3 d4 d5 d6 d7 d8 d9 da db dc dd 
de df e0 e1 e2 e3 e4 e5 e6 e7 e8 e9 ea eb ec ed 
ee ef f0 f1 f2 f3 f4 f5 f6 f7 f8 f9 fa fb fc fd 
fe ff 01 00 00 fd fe 03 f9 9a 02 
[DEBUG] Modes Parsing Done. fse_modes=0x00, LL=0, OF=0, ML=0. Offset=2
[DEBUG] SeqHeader RAW: 01 00 00 fd fe 00 00 00 
[DEBUG] SeqSection Size: 9
[DEBUG] SeqSection END: 00 00 fd fe 03 f9 9a 02 
[DEBUG] Calling decode_sequences_interleaved w/ Offset=2, Remaining=7
[DEBUG] FSE_buildDTable_Host: log=6 size=64 max_sym=35
[DEBUG] Freqs: 4 3 2 2 2 2 2 2 2 2 2 2 2 1 1 1 2 2 2 2 2 2 2 2 2 3 2 1 1 1 1 1 1 1 1 1 
[ERROR] execute_sequences: Validation failed with error_flag=5
  [FAIL] GPU Decompression failed with status 6
[INT] Testing GPU Compress -> CPU Decompress (Size: 131072, Level: 3)
  [PASS] GPU Compress -> CPU Decompress successful
[INT] Testing CPU Compress -> GPU Decompress (Size: 131072, Level: 3)
  [INFO] CPU Generated Data Verified Valid (Size: 279)
[DEBUG] Decompress Workspace: 0x902c00000 (size=5242880)
[DEBUG] decompress d_input (src): 0x90bba0600
[DEBUG] Entry Probe 0x2000d SUCCESS. Val=00
[DEBUG] FSE_buildDTable_Host: log=5 size=32 max_sym=28
[DEBUG] Freqs: 1 1 1 1 1 1 2 2 2 1 1 1 1 1 1 1 1 1 1 1 1 1 1 1 1 1 1 1 1 
[DEBUG] FSE_buildDTable_Host: log=6 size=64 max_sym=52
[DEBUG] Freqs: 1 4 3 2 2 2 2 2 2 1 1 1 1 1 1 1 1 1 1 1 1 1 1 1 1 1 1 1 1 1 1 1 1 1 1 1 1 1 1 1 1 1 1 1 1 1 1 1 1 1 1 1 1 
[DEBUG] decode_sequences_interleaved returned: 0
[DEBUG] First 3 Sequences: LL=[2015,0,0] OF=[1039,0,0] ML=[36,0,0]
[KERNEL ERROR] Literals overflow at seq 0: Check=0 + 2015 > Limit=256
[DEBUG] read_block_header: block_type=2 (COMPRESSED), is_last=0, block_size=267
[DEBUG] Block Start Dump (267 bytes):
04 10 00 01 02 03 04 05 06 07 08 09 0a 0b 0c 0d 
0e 0f 10 11 12 13 14 15 16 17 18 19 1a 1b 1c 1d 
1e 1f 20 21 22 23 24 25 26 27 28 29 2a 2b 2c 2d 
2e 2f 30 31 32 33 34 35 36 37 38 39 3a 3b 3c 3d 
3e 3f 40 41 42 43 44 45 46 47 48 49 4a 4b 4c 4d 
4e 4f 50 51 52 53 54 55 56 57 58 59 5a 5b 5c 5d 
5e 5f 60 61 62 63 64 65 66 67 68 69 6a 6b 6c 6d 
6e 6f 70 71 72 73 74 75 76 77 78 79 7a 7b 7c 7d 
7e 7f 80 81 82 83 84 85 86 87 88 89 8a 8b 8c 8d 
8e 8f 90 91 92 93 94 95 96 97 98 99 9a 9b 9c 9d 
9e 9f a0 a1 a2 a3 a4 a5 a6 a7 a8 a9 aa ab ac ad 
ae af b0 b1 b2 b3 b4 b5 b6 b7 b8 b9 ba bb bc bd 
be bf c0 c1 c2 c3 c4 c5 c6 c7 c8 c9 ca cb cc cd 
ce cf d0 d1 d2 d3 d4 d5 d6 d7 d8 d9 da db dc dd 
de df e0 e1 e2 e3 e4 e5 e6 e7 e8 e9 ea eb ec ed 
ee ef f0 f1 f2 f3 f4 f5 f6 f7 f8 f9 fa fb fc fd 
fe ff 01 00 00 fd fe 03 f9 9a 02 
[DEBUG] Modes Parsing Done. fse_modes=0x00, LL=0, OF=0, ML=0. Offset=2
[DEBUG] SeqHeader RAW: 01 00 00 fd fe 00 00 00 
[DEBUG] SeqSection Size: 9
[DEBUG] SeqSection END: 00 00 fd fe 03 f9 9a 02 
[DEBUG] Calling decode_sequences_interleaved w/ Offset=2, Remaining=7
[DEBUG] FSE_buildDTable_Host: log=6 size=64 max_sym=35
[DEBUG] Freqs: 4 3 2 2 2 2 2 2 2 2 2 2 2 1 1 1 2 2 2 2 2 2 2 2 2 3 2 1 1 1 1 1 1 1 1 1 
[ERROR] execute_sequences: Validation failed with error_flag=5
  [FAIL] GPU Decompression failed with status 6
[INT] Testing GPU Compress -> CPU Decompress (Size: 1048576, Level: 5)
[DEBUG] Memory: Total 109051904, Global Used 72877568, Available 36174336
  [FAIL] CPU Decompression failed: Data corruption detected
[INT] Testing CPU Compress -> GPU Decompress (Size: 1048576, Level: 5)
  [INFO] CPU Generated Data Verified Valid (Size: 363)
[DEBUG] Decompress Workspace: 0x903600000 (size=5242880)
[DEBUG] decompress d_input (src): 0x90bbe0a00
[DEBUG] Entry Probe 0x2000d SUCCESS. Val=00
[DEBUG] FSE_buildDTable_Host: log=5 size=32 max_sym=28
[DEBUG] Freqs: 1 1 1 1 1 1 2 2 2 1 1 1 1 1 1 1 1 1 1 1 1 1 1 1 1 1 1 1 1 
[DEBUG] FSE_buildDTable_Host: log=6 size=64 max_sym=52
[DEBUG] Freqs: 1 4 3 2 2 2 2 2 2 1 1 1 1 1 1 1 1 1 1 1 1 1 1 1 1 1 1 1 1 1 1 1 1 1 1 1 1 1 1 1 1 1 1 1 1 1 1 1 1 1 1 1 1 
[DEBUG] decode_sequences_interleaved returned: 0
[DEBUG] First 3 Sequences: LL=[2015,0,0] OF=[1039,0,0] ML=[36,0,0]
[KERNEL ERROR] Literals overflow at seq 0: Check=0 + 2015 > Limit=256
[DEBUG] read_block_header: block_type=2 (COMPRESSED), is_last=0, block_size=267
[DEBUG] Block Start Dump (267 bytes):
04 10 00 01 02 03 04 05 06 07 08 09 0a 0b 0c 0d 
0e 0f 10 11 12 13 14 15 16 17 18 19 1a 1b 1c 1d 
1e 1f 20 21 22 23 24 25 26 27 28 29 2a 2b 2c 2d 
2e 2f 30 31 32 33 34 35 36 37 38 39 3a 3b 3c 3d 
3e 3f 40 41 42 43 44 45 46 47 48 49 4a 4b 4c 4d 
4e 4f 50 51 52 53 54 55 56 57 58 59 5a 5b 5c 5d 
5e 5f 60 61 62 63 64 65 66 67 68 69 6a 6b 6c 6d 
6e 6f 70 71 72 73 74 75 76 77 78 79 7a 7b 7c 7d 
7e 7f 80 81 82 83 84 85 86 87 88 89 8a 8b 8c 8d 
8e 8f 90 91 92 93 94 95 96 97 98 99 9a 9b 9c 9d 
9e 9f a0 a1 a2 a3 a4 a5 a6 a7 a8 a9 aa ab ac ad 
ae af b0 b1 b2 b3 b4 b5 b6 b7 b8 b9 ba bb bc bd 
be bf c0 c1 c2 c3 c4 c5 c6 c7 c8 c9 ca cb cc cd 
ce cf d0 d1 d2 d3 d4 d5 d6 d7 d8 d9 da db dc dd 
de df e0 e1 e2 e3 e4 e5 e6 e7 e8 e9 ea eb ec ed 
ee ef f0 f1 f2 f3 f4 f5 f6 f7 f8 f9 fa fb fc fd 
fe ff 01 00 00 fd fe 03 f9 9a 02 
[DEBUG] Modes Parsing Done. fse_modes=0x00, LL=0, OF=0, ML=0. Offset=2
[DEBUG] SeqHeader RAW: 01 00 00 fd fe 00 00 00 
[DEBUG] SeqSection Size: 9
[DEBUG] SeqSection END: 00 00 fd fe 03 f9 9a 02 
[DEBUG] Calling decode_sequences_interleaved w/ Offset=2, Remaining=7
[DEBUG] FSE_buildDTable_Host: log=6 size=64 max_sym=35
[DEBUG] Freqs: 4 3 2 2 2 2 2 2 2 2 2 2 2 1 1 1 2 2 2 2 2 2 2 2 2 3 2 1 1 1 1 1 1 1 1 1 
[ERROR] execute_sequences: Validation failed with error_flag=5
  [FAIL] GPU Decompression failed with status 6
[INT] Testing GPU Compress -> CPU Decompress (Size: 2097152, Level: 3)
[DEBUG] Memory: Total 218103808, Global Used 145229568, Available 72874240
  [FAIL] CPU Decompression failed: Data corruption detected
[INT] Testing CPU Compress -> GPU Decompress (Size: 2097152, Level: 3)
  [INFO] CPU Generated Data Verified Valid (Size: 459)
[DEBUG] Decompress Workspace: 0x904400000 (size=5242880)
[DEBUG] decompress d_input (src): 0x90bbe0e00
[DEBUG] Entry Probe 0x2000d SUCCESS. Val=00
[DEBUG] FSE_buildDTable_Host: log=5 size=32 max_sym=28
[DEBUG] Freqs: 1 1 1 1 1 1 2 2 2 1 1 1 1 1 1 1 1 1 1 1 1 1 1 1 1 1 1 1 1 
[DEBUG] FSE_buildDTable_Host: log=6 size=64 max_sym=52
[DEBUG] Freqs: 1 4 3 2 2 2 2 2 2 1 1 1 1 1 1 1 1 1 1 1 1 1 1 1 1 1 1 1 1 1 1 1 1 1 1 1 1 1 1 1 1 1 1 1 1 1 1 1 1 1 1 1 1 
[DEBUG] decode_sequences_interleaved returned: 0
[DEBUG] First 3 Sequences: LL=[2015,0,0] OF=[1039,0,0] ML=[36,0,0]
[KERNEL ERROR] Literals overflow at seq 0: Check=0 + 2015 > Limit=256
[ERROR] execute_sequences: Validation failed with error_flag=5
  [FAIL] GPU Decompression failed with status 6

❌ SOME Integration Tests FAILED
