========================================
CUDA ZSTD Correctness Tests
========================================
Using CUDA device: NVIDIA GeForce RTX 5080 Laptop GPU
Compute capability: 12.0
Total memory: 16302 MB

[TEST] Identity Property: decompress(compress(data)) == data
[COMPRESS_SEQ] Block 0 seq 0: LL=523 ML=256 OF=256
[COMPRESS_SEQ] Block 0 seq 1: LL=2 ML=256 OF=256
[COMPRESS_SEQ] Block 0 seq 2: LL=56 ML=256 OF=768
[COMPRESS_SEQ] Block 0 seq 12: LL=1 ML=256 OF=256
[COMPRESS_SEQ] Block 0 seq 13: LL=0 ML=181 OF=256
[COMPRESS_SEQ] Block 0 totals: 14 seq, LL=587, ML=3509, out=4096
[COMPRESS] Writing Raw literals header: num_literals=587, header_len=2, header=[B4 24 ], compressed_size=587 (same as num_literals for Raw)
[CTABLE] Symbol 0: freq=4, cum=0, deltaFind=0
[CTABLE] Symbol 0: freq=1, cum=0, deltaFind=0
[FSE_LAUNCH] num_sequences=14, d_ll_codes=0x90be20000, d_of_codes=0x90be2001c, d_ml_codes=0x90be2000e
[CTABLE] Symbol 0: freq=1, cum=0, deltaFind=0
[RFC_KERNEL] ENTER: threadIdx.x=0 num_symbols=14
[RFC_KERNEL] Starting encoding: num_symbols=14
[RFC_KERNEL] Table logs: LL=6 OF=5 ML=6
[RFC_KERNEL] Table sizes: LL=64 OF=32 ML=64
[RFC_KERNEL] Max symbols: LL=35 OF=28 ML=52
[RFC_KERNEL] Validating tables and input codes...
[RFC_KERNEL] Initializing states for codes: LL=31 OF=11 ML=45
[RFC_KERNEL] Reading LL State from 0xe00000a00...
[RFC_KERNEL] LL State=21. Reading OF State from 0xe00001600...
[RFC_KERNEL] OF State=16. Reading ML State from 0xe00002200...
[RFC_KERNEL] ML State=50. Done reading states.
[RFC_KERNEL] Writing initial extra bits...
[RFC_KERNEL] Initial bits written.
[RFC_KERNEL] Loop i=0 processing...
[RFC_KERNEL] i=0: LL code=2
[RFC_KERNEL] i=0: LL nbBits=4. stateLL=21. Writing bits...
[RFC_KERNEL] i=0: Post-LL state update. New stateLL=8
[RFC_KERNEL] i=0: OF code=11
[RFC_KERNEL] i=0: Post-OF write_bits. stateOF=16
[RFC_KERNEL] i=0: Post-OF state update. New stateOF=15
[RFC_KERNEL] i=0: ML code=45
[RFC_KERNEL] i=0: Post-ML write_bits. stateML=50
[RFC_KERNEL] i=0: Post-ML state update. New stateML=30
[RFC_KERNEL] i=0: Finished iteration.
[RFC_KERNEL] Loop i=1 processing...
[RFC_KERNEL] i=1: LL code=24
[RFC_KERNEL] i=1: LL nbBits=4. stateLL=8. Writing bits...
[RFC_KERNEL] i=1: Post-LL state update. New stateLL=48
[RFC_KERNEL] i=1: OF code=12
[RFC_KERNEL] i=1: Post-OF write_bits. stateOF=15
[RFC_KERNEL] i=1: Post-OF state update. New stateOF=15
[RFC_KERNEL] i=1: ML code=45
[RFC_KERNEL] i=1: Post-ML write_bits. stateML=30
[RFC_KERNEL] i=1: Post-ML state update. New stateML=30
[RFC_KERNEL] i=1: Finished iteration.
[RFC_KERNEL] Loop i=2 processing...
[RFC_KERNEL] i=2: LL code=1
[RFC_KERNEL] i=2: LL nbBits=4. stateLL=48. Writing bits...
[RFC_KERNEL] i=2: Post-LL state update. New stateLL=7
[RFC_KERNEL] i=2: OF code=12
[RFC_KERNEL] i=2: Post-OF write_bits. stateOF=15
[RFC_KERNEL] i=2: Post-OF state update. New stateOF=15
[RFC_KERNEL] i=2: ML code=45
[RFC_KERNEL] i=2: Post-ML write_bits. stateML=30
[RFC_KERNEL] i=2: Post-ML state update. New stateML=30
[RFC_KERNEL] i=2: Finished iteration.
[RFC_KERNEL] Loop i=3 processing...
[RFC_KERNEL] i=3: LL code=4
[RFC_KERNEL] i=3: LL nbBits=4. stateLL=7. Writing bits...
[RFC_KERNEL] i=3: Post-LL state update. New stateLL=11
[RFC_KERNEL] i=3: OF code=11
[RFC_KERNEL] i=3: Post-OF write_bits. stateOF=15
[RFC_KERNEL] i=3: Post-OF state update. New stateOF=14
[RFC_KERNEL] i=3: ML code=45
[RFC_KERNEL] i=3: Post-ML write_bits. stateML=30
[RFC_KERNEL] i=3: Post-ML state update. New stateML=30
[RFC_KERNEL] i=3: Finished iteration.
[RFC_KERNEL] Loop i=4 processing...
[RFC_KERNEL] i=4: LL code=0
[RFC_KERNEL] i=4: LL nbBits=3. stateLL=11. Writing bits...
[RFC_KERNEL] i=4: Post-LL state update. New stateLL=1
[RFC_KERNEL] i=4: OF code=13
[RFC_KERNEL] i=4: Post-OF write_bits. stateOF=14
[RFC_KERNEL] i=4: Post-OF state update. New stateOF=16
[RFC_KERNEL] i=4: ML code=45
[RFC_KERNEL] i=4: Post-ML write_bits. stateML=30
[RFC_KERNEL] i=4: Post-ML state update. New stateML=30
[RFC_KERNEL] i=4: Finished iteration.
[RFC_KERNEL] Loop i=5 processing...
[RFC_KERNEL] i=5: LL code=0
[RFC_KERNEL] i=5: LL nbBits=3. stateLL=1. Writing bits...
[RFC_KERNEL] i=5: Post-LL state update. New stateLL=0
[RFC_KERNEL] i=5: OF code=13
[RFC_KERNEL] i=5: Post-OF write_bits. stateOF=16
[RFC_KERNEL] i=5: Post-OF state update. New stateOF=17
[RFC_KERNEL] i=5: ML code=45
[RFC_KERNEL] i=5: Post-ML write_bits. stateML=30
[RFC_KERNEL] i=5: Post-ML state update. New stateML=30
[RFC_KERNEL] i=5: Finished iteration.
[RFC_KERNEL] Loop i=6 processing...
[RFC_KERNEL] i=6: LL code=0
[RFC_KERNEL] i=6: LL nbBits=3. stateLL=0. Writing bits...
[RFC_KERNEL] i=6: Post-LL state update. New stateLL=0
[RFC_KERNEL] i=6: OF code=12
[RFC_KERNEL] i=6: Post-OF write_bits. stateOF=17
[RFC_KERNEL] i=6: Post-OF state update. New stateOF=16
[RFC_KERNEL] i=6: ML code=45
[RFC_KERNEL] i=6: Post-ML write_bits. stateML=30
[RFC_KERNEL] i=6: Post-ML state update. New stateML=30
[RFC_KERNEL] i=6: Finished iteration.
[RFC_KERNEL] Loop i=7 processing...
[RFC_KERNEL] i=7: LL code=0
[RFC_KERNEL] i=7: LL nbBits=3. stateLL=0. Writing bits...
[RFC_KERNEL] i=7: Post-LL state update. New stateLL=0
[RFC_KERNEL] i=7: OF code=12
[RFC_KERNEL] i=7: Post-OF write_bits. stateOF=16
[RFC_KERNEL] i=7: Post-OF state update. New stateOF=16
[RFC_KERNEL] i=7: ML code=45
[RFC_KERNEL] i=7: Post-ML write_bits. stateML=30
[RFC_KERNEL] i=7: Post-ML state update. New stateML=30
[RFC_KERNEL] i=7: Finished iteration.
[RFC_KERNEL] Loop i=8 processing...
[RFC_KERNEL] i=8: LL code=0
[RFC_KERNEL] i=8: LL nbBits=3. stateLL=0. Writing bits...
[RFC_KERNEL] i=8: Post-LL state update. New stateLL=0
[RFC_KERNEL] i=8: OF code=12
[RFC_KERNEL] i=8: Post-OF write_bits. stateOF=16
[RFC_KERNEL] i=8: Post-OF state update. New stateOF=16
[RFC_KERNEL] i=8: ML code=45
[RFC_KERNEL] i=8: Post-ML write_bits. stateML=30
[RFC_KERNEL] i=8: Post-ML state update. New stateML=30
[RFC_KERNEL] i=8: Finished iteration.
[RFC_KERNEL] Loop i=9 processing...
[RFC_KERNEL] i=9: LL code=0
[RFC_KERNEL] i=9: LL nbBits=3. stateLL=0. Writing bits...
[RFC_KERNEL] i=9: Post-LL state update. New stateLL=0
[RFC_KERNEL] i=9: OF code=14
[RFC_KERNEL] i=9: Post-OF write_bits. stateOF=16
[RFC_KERNEL] i=9: Post-OF state update. New stateOF=18
[RFC_KERNEL] i=9: ML code=45
[RFC_KERNEL] i=9: Post-ML write_bits. stateML=30
[RFC_KERNEL] i=9: Post-ML state update. New stateML=30
[RFC_KERNEL] i=9: Finished iteration.
[RFC_KERNEL] Loop i=10 processing...
[RFC_KERNEL] i=10: LL code=0
[RFC_KERNEL] i=10: LL nbBits=3. stateLL=0. Writing bits...
[RFC_KERNEL] i=10: Post-LL state update. New stateLL=0
[RFC_KERNEL] i=10: OF code=14
[RFC_KERNEL] i=10: Post-OF write_bits. stateOF=18
[RFC_KERNEL] i=10: Post-OF state update. New stateOF=18
[RFC_KERNEL] i=10: ML code=45
[RFC_KERNEL] i=10: Post-ML write_bits. stateML=30
[RFC_KERNEL] i=10: Post-ML state update. New stateML=30
[RFC_KERNEL] i=10: Finished iteration.
[RFC_KERNEL] Loop i=11 processing...
[RFC_KERNEL] i=11: LL code=1
[RFC_KERNEL] i=11: LL nbBits=4. stateLL=0. Writing bits...
[RFC_KERNEL] i=11: Post-LL state update. New stateLL=4
[RFC_KERNEL] i=11: OF code=11
[RFC_KERNEL] i=11: Post-OF write_bits. stateOF=18
[RFC_KERNEL] i=11: Post-OF state update. New stateOF=15
[RFC_KERNEL] i=11: ML code=45
[RFC_KERNEL] i=11: Post-ML write_bits. stateML=30
[RFC_KERNEL] i=11: Post-ML state update. New stateML=30
[RFC_KERNEL] i=11: Finished iteration.
[RFC_KERNEL] Loop i=12 processing...
[RFC_KERNEL] i=12: LL code=0
[RFC_KERNEL] i=12: LL nbBits=3. stateLL=4. Writing bits...
[RFC_KERNEL] i=12: Post-LL state update. New stateLL=0
[RFC_KERNEL] i=12: OF code=11
[RFC_KERNEL] i=12: Post-OF write_bits. stateOF=15
[RFC_KERNEL] i=12: Post-OF state update. New stateOF=14
[RFC_KERNEL] i=12: ML code=44
[RFC_KERNEL] i=12: Post-ML write_bits. stateML=30
[RFC_KERNEL] i=12: Post-ML state update. New stateML=31
[RFC_KERNEL] i=12: Finished iteration.
[RFC_KERNEL] Loop finished. Writing final states...
[RFC_KERNEL] Writing stateML=31, log=6
[RFC_KERNEL] Writing stateOF=14, log=5
[RFC_KERNEL] Writing stateLL=0, log=6
[RFC_KERNEL] Writing sentinel bit...
[RFC_KERNEL] Flushing bits. count=3, container=0x4
[RFC_KERNEL] Flushed byte: 0x04
[RFC_KERNEL] Kernel finished. output_pos=53
