========================================
CUDA ZSTD Correctness Tests
========================================
Using CUDA device: NVIDIA GeForce RTX 5080 Laptop GPU
Compute capability: 12.0
Total memory: 16302 MB

[TEST] Identity Property: decompress(compress(data)) == data
[DEBUG] Manager::compress ENTRY Size=4096
[DEBUG_BLK] Stream Start: 28 B5 2F FD 60 00 0F 55 08 00 04 10 00 1F 3E 5D 
[DEBUG_BLK] Raw Header @ 7: 55 08 00
[DEBUG_BLK] Block: Type=Compressed, Size=266, Last=1, Offset=10/276
[DEBUG_BLK] Block Start Dump (266 bytes) @ 0x90ba0100a:
04 10 00 1f 3e 5d 7c 9b ba d9 f8 17 36 55 74 93 
b2 d1 f0 0f 2e 4d 6c 8b aa c9 e8 07 26 45 64 83 
a2 c1 e0 ff 1e 3d 5c 7b 9a b9 d8 f7 16 35 54 73 
92 b1 d0 ef 0e 2d 4c 6b 8a a9 c8 e7 06 25 44 63 
82 a1 c0 df fe 1d 3c 5b 7a 99 b8 d7 f6 15 34 53 
72 91 b0 cf ee 0d 2c 4b 6a 89 a8 c7 e6 05 24 43 
62 81 a0 bf de fd 1c 3b 5a 79 98 b7 d6 f5 14 33 
52 71 90 af ce ed 0c 2b 4a 69 88 a7 c6 e5 04 23 
42 61 80 9f be dd fc 1b 3a 59 78 97 b6 d5 f4 13 
32 51 70 8f ae cd ec 0b 2a 49 68 87 a6 c5 e4 03 
22 41 60 7f 9e bd dc fb 1a 39 58 77 96 b5 d4 f3 
12 31 50 6f 8e ad cc eb 0a 29 48 67 86 a5 c4 e3 
02 21 40 5f 7e 9d bc db fa 19 38 57 76 95 b4 d3 
f2 11 30 4f 6e 8d ac cb ea 09 28 47 66 85 a4 c3 
e2 01 20 3f 5e 7d 9c bb da f9 18 37 56 75 94 b3 
d2 f1 10 2f 4e 6d 8c ab ca e9 08 27 46 65 84 a3 
c2 e1 01 00 00 fd 1e f0 d7 14 
[DEBUG] decompress_literals: Type=0, SizeFmt=1, Byte0=0x04, H=[04 10 00 1F 3E]
[DEBUG_LITS_VAL] Raw/RLE Result: Header=2, Decomp=256
[DEBUG] decompress_block: input_size=266, sequences_offset=258 (LitHdr=2 + LitComp=256), LitDecomp=256
[DEBUG] decompress_sequences: NumSeq=1, Offset=1
[DEBUG] decompress_sequences: FSE_Modes=0x00
[DEBUG_SEQ] Modes: LL=0, OF=0, ML=0, NumSeq=1
[DEBUG] Bitstream (Size=6): 00 FD 1E F0 D7 14 
[DEBUG_TBL] LL Table (Log=6): State[0-5]->Symbol: 0,0,1,3,4,6; State[19]->27
[DEBUG] OF Table Built: State 11 -> Symbol 8, nbBits 4, newState 0
[WARN] Clamping LL[0]: 259 -> 256 (Limit 256, Total 0)
[DEBUG] Seq 0: LitOff=0, MatchOff=0, OutOff=0
  [FAIL] test_identity_property: Size mismatch

[TEST] Various Input Sizes Round-trip
  [INFO] Debugging specific size: 8192
  [INFO] Testing 1 different sizes
[DEBUG] Manager::compress ENTRY Size=8192
[DEBUG_BLK] Stream Start: 28 B5 2F FD 60 00 1F 55 08 00 04 10 00 01 02 03 
[DEBUG_BLK] Raw Header @ 7: 55 08 00
[DEBUG_BLK] Block: Type=Compressed, Size=266, Last=1, Offset=10/276
[DEBUG_BLK] Block Start Dump (266 bytes) @ 0x90bbc6c0a:
04 10 00 01 02 03 04 05 06 07 08 09 0a 0b 0c 0d 
0e 0f 10 11 12 13 14 15 16 17 18 19 1a 1b 1c 1d 
1e 1f 20 21 22 23 24 25 26 27 28 29 2a 2b 2c 2d 
2e 2f 30 31 32 33 34 35 36 37 38 39 3a 3b 3c 3d 
3e 3f 40 41 42 43 44 45 46 47 48 49 4a 4b 4c 4d 
4e 4f 50 51 52 53 54 55 56 57 58 59 5a 5b 5c 5d 
5e 5f 60 61 62 63 64 65 66 67 68 69 6a 6b 6c 6d 
6e 6f 70 71 72 73 74 75 76 77 78 79 7a 7b 7c 7d 
7e 7f 80 81 82 83 84 85 86 87 88 89 8a 8b 8c 8d 
8e 8f 90 91 92 93 94 95 96 97 98 99 9a 9b 9c 9d 
9e 9f a0 a1 a2 a3 a4 a5 a6 a7 a8 a9 aa ab ac ad 
ae af b0 b1 b2 b3 b4 b5 b6 b7 b8 b9 ba bb bc bd 
be bf c0 c1 c2 c3 c4 c5 c6 c7 c8 c9 ca cb cc cd 
ce cf d0 d1 d2 d3 d4 d5 d6 d7 d8 d9 da db dc dd 
de df e0 e1 e2 e3 e4 e5 e6 e7 e8 e9 ea eb ec ed 
ee ef f0 f1 f2 f3 f4 f5 f6 f7 f8 f9 fa fb fc fd 
fe ff 01 00 00 fd 3e d0 af 29 
[DEBUG] decompress_literals: Type=0, SizeFmt=1, Byte0=0x04, H=[04 10 00 01 02]
[DEBUG_LITS_VAL] Raw/RLE Result: Header=2, Decomp=256
[DEBUG] decompress_block: input_size=266, sequences_offset=258 (LitHdr=2 + LitComp=256), LitDecomp=256
[DEBUG] decompress_sequences: NumSeq=1, Offset=1
[DEBUG] decompress_sequences: FSE_Modes=0x00
[DEBUG_SEQ] Modes: LL=0, OF=0, ML=0, NumSeq=1
[DEBUG] Bitstream (Size=6): 00 FD 3E D0 AF 29 
[DEBUG_TBL] LL Table (Log=6): State[0-5]->Symbol: 0,0,1,3,4,6; State[19]->27
[DEBUG] OF Table Built: State 11 -> Symbol 8, nbBits 4, newState 0
[WARN] Clamping LL[0]: 259 -> 256 (Limit 256, Total 0)
[DEBUG] Seq 0: LitOff=0, MatchOff=0, OutOff=0
  [FAIL] Size 8192 (Decompress Status: 0, Size: 1042)
  [INFO] Passed: 0/1
  [FAIL] test_various_sizes_roundtrip: Some size tests failed

[TEST] Random Inputs Round-trip (1000 tests)
[DEBUG] Manager::compress ENTRY Size=24177
[DEBUG_BLK] Stream Start: 28 B5 2F FD 60 71 5D 89 F3 02 8C 97 B7 D8 9A DB 
[DEBUG_BLK] Raw Header @ 7: 89 F3 02
[DEBUG_BLK] Block: Type=Raw, Size=24177, Last=1, Offset=10/24187
[DEBUG] Manager::compress ENTRY Size=60017
[DEBUG_BLK] Stream Start: 28 B5 2F FD 60 71 E9 89 53 07 6A FF B8 EE 00 20 
[DEBUG_BLK] Raw Header @ 7: 89 53 07
[DEBUG_BLK] Block: Type=Raw, Size=60017, Last=1, Offset=10/60027
[DEBUG] Manager::compress ENTRY Size=16396
[DEBUG_BLK] Stream Start: 28 B5 2F FD 60 0C 3F 61 00 02 6F 2F 06 EE 8C F2 
[DEBUG_BLK] Raw Header @ 7: 61 00 02
[DEBUG_BLK] Block: Type=Raw, Size=16396, Last=1, Offset=10/16406
[DEBUG] Manager::compress ENTRY Size=29808
[DEBUG_BLK] Stream Start: 28 B5 2F FD 60 70 73 81 A3 03 8D 12 B5 D7 4A 1F 
[DEBUG_BLK] Raw Header @ 7: 81 A3 03
[DEBUG_BLK] Block: Type=Raw, Size=29808, Last=1, Offset=10/29818
[DEBUG] Manager::compress ENTRY Size=54522
[DEBUG_BLK] Stream Start: 28 B5 2F FD 60 FA D3 D1 A7 06 F7 E6 8C 2C F9 DB 
[DEBUG_BLK] Raw Header @ 7: D1 A7 06
[DEBUG_BLK] Block: Type=Raw, Size=54522, Last=1, Offset=10/54532
[DEBUG] Manager::compress ENTRY Size=55152
[DEBUG_BLK] Stream Start: 28 B5 2F FD 60 70 D6 81 BB 06 38 0E DE D4 34 5D 
[DEBUG_BLK] Raw Header @ 7: 81 BB 06
[DEBUG_BLK] Block: Type=Raw, Size=55152, Last=1, Offset=10/55162
[DEBUG] Manager::compress ENTRY Size=18415
[DEBUG_BLK] Stream Start: 28 B5 2F FD 60 EF 46 79 3F 02 E4 F2 54 35 D2 10 
[DEBUG_BLK] Raw Header @ 7: 79 3F 02
[DEBUG_BLK] Block: Type=Raw, Size=18415, Last=1, Offset=10/18425
[DEBUG] Manager::compress ENTRY Size=16483
[DEBUG_BLK] Stream Start: 28 B5 2F FD 60 63 3F 19 03 02 13 3A C7 51 70 FA 
[DEBUG_BLK] Raw Header @ 7: 19 03 02
[DEBUG_BLK] Block: Type=Raw, Size=16483, Last=1, Offset=10/16493
[DEBUG] Manager::compress ENTRY Size=62256
[DEBUG_BLK] Stream Start: 28 B5 2F FD 60 30 F2 81 99 07 DF 02 F7 3D DE 60 
[DEBUG_BLK] Raw Header @ 7: 81 99 07
[DEBUG_BLK] Block: Type=Raw, Size=62256, Last=1, Offset=10/62266
[DEBUG] Manager::compress ENTRY Size=61728
[DEBUG_BLK] Stream Start: 28 B5 2F FD 60 20 F0 01 89 07 02 5D 80 7F 7E 01 
[DEBUG_BLK] Raw Header @ 7: 01 89 07
[DEBUG_BLK] Block: Type=Raw, Size=61728, Last=1, Offset=10/61738
[DEBUG] Manager::compress ENTRY Size=6358
[DEBUG_BLK] Stream Start: 28 B5 2F FD 60 D6 17 B1 C6 00 C5 4C 05 7E A2 71 
[DEBUG_BLK] Raw Header @ 7: B1 C6 00
[DEBUG_BLK] Block: Type=Raw, Size=6358, Last=1, Offset=10/6368
[DEBUG] Manager::compress ENTRY Size=55644
[DEBUG_BLK] Stream Start: 28 B5 2F FD 60 5C D8 E1 CA 06 2E 11 04 AA 76 31 
[DEBUG_BLK] Raw Header @ 7: E1 CA 06
[DEBUG_BLK] Block: Type=Raw, Size=55644, Last=1, Offset=10/55654
[DEBUG] Manager::compress ENTRY Size=40515
[DEBUG_BLK] Stream Start: 28 B5 2F FD 60 43 9D 19 F2 04 27 72 BD DF 43 16 
[DEBUG_BLK] Raw Header @ 7: 19 F2 04
[DEBUG_BLK] Block: Type=Raw, Size=40515, Last=1, Offset=10/40525
[DEBUG] Manager::compress ENTRY Size=16736
[DEBUG_BLK] Stream Start: 28 B5 2F FD 60 60 40 01 0B 02 C7 9B 3C DC D3 E4 
[DEBUG_BLK] Raw Header @ 7: 01 0B 02
[DEBUG_BLK] Block: Type=Raw, Size=16736, Last=1, Offset=10/16746
[DEBUG] Manager::compress ENTRY Size=32740
[DEBUG_BLK] Stream Start: 28 B5 2F FD 60 E4 7E 21 FF 03 83 EC C5 A8 DE 5D 
[DEBUG_BLK] Raw Header @ 7: 21 FF 03
[DEBUG_BLK] Block: Type=Raw, Size=32740, Last=1, Offset=10/32750
[DEBUG] Manager::compress ENTRY Size=9697
[DEBUG_BLK] Stream Start: 28 B5 2F FD 60 E1 24 09 2F 01 D9 D0 2D 97 0D 1C 
[DEBUG_BLK] Raw Header @ 7: 09 2F 01
[DEBUG_BLK] Block: Type=Raw, Size=9697, Last=1, Offset=10/9707
[DEBUG] Manager::compress ENTRY Size=36352
[DEBUG_BLK] Stream Start: 28 B5 2F FD 60 00 8D 01 70 04 39 53 85 0E 8C 4F 
[DEBUG_BLK] Raw Header @ 7: 01 70 04
[DEBUG_BLK] Block: Type=Raw, Size=36352, Last=1, Offset=10/36362
[DEBUG] Manager::compress ENTRY Size=4644
[DEBUG_BLK] Stream Start: 28 B5 2F FD 60 24 11 21 91 00 4B 2E 87 D8 31 E3 
[DEBUG_BLK] Raw Header @ 7: 21 91 00
[DEBUG_BLK] Block: Type=Raw, Size=4644, Last=1, Offset=10/4654
[DEBUG] Manager::compress ENTRY Size=3589
[DEBUG_BLK] Stream Start: 28 B5 2F FD 60 05 0D 29 70 00 A6 13 81 6E E0 3E 
[DEBUG_BLK] Raw Header @ 7: 29 70 00
[DEBUG_BLK] Block: Type=Raw, Size=3589, Last=1, Offset=10/3599
[DEBUG] Manager::compress ENTRY Size=35444
[DEBUG_BLK] Stream Start: 28 B5 2F FD 60 74 89 A1 53 04 18 6E C2 69 3F B7 
[DEBUG_BLK] Raw Header @ 7: A1 53 04
[DEBUG_BLK] Block: Type=Raw, Size=35444, Last=1, Offset=10/35454
[DEBUG] Manager::compress ENTRY Size=55347
[DEBUG_BLK] Stream Start: 28 B5 2F FD 60 33 D7 99 C1 06 96 E3 E5 F4 E4 F3 
[DEBUG_BLK] Raw Header @ 7: 99 C1 06
[DEBUG_BLK] Block: Type=Raw, Size=55347, Last=1, Offset=10/55357
[DEBUG] Manager::compress ENTRY Size=28584
[DEBUG_BLK] Stream Start: 28 B5 2F FD 60 A8 6E 41 7D 03 0C CC 4A AE B8 09 
[DEBUG_BLK] Raw Header @ 7: 41 7D 03
[DEBUG_BLK] Block: Type=Raw, Size=28584, Last=1, Offset=10/28594
[DEBUG] Manager::compress ENTRY Size=10676
[DEBUG_BLK] Stream Start: 28 B5 2F FD 60 B4 28 A1 4D 01 35 B3 7B BB 6B A3 
[DEBUG_BLK] Raw Header @ 7: A1 4D 01
[DEBUG_BLK] Block: Type=Raw, Size=10676, Last=1, Offset=10/10686
[DEBUG] Manager::compress ENTRY Size=60481
[DEBUG_BLK] Stream Start: 28 B5 2F FD 60 41 EB 09 62 07 84 AB F2 2F C3 C8 
[DEBUG_BLK] Raw Header @ 7: 09 62 07
[DEBUG_BLK] Block: Type=Raw, Size=60481, Last=1, Offset=10/60491
[DEBUG] Manager::compress ENTRY Size=50803
[DEBUG_BLK] Stream Start: 28 B5 2F FD 60 73 C5 99 33 06 F5 4B B3 0D FF 51 
[DEBUG_BLK] Raw Header @ 7: 99 33 06
[DEBUG_BLK] Block: Type=Raw, Size=50803, Last=1, Offset=10/50813
[DEBUG] Manager::compress ENTRY Size=57245
[DEBUG_BLK] Stream Start: 28 B5 2F FD 60 9D DE E9 FC 06 DE B2 95 6E 47 19 
[DEBUG_BLK] Raw Header @ 7: E9 FC 06
[DEBUG_BLK] Block: Type=Raw, Size=57245, Last=1, Offset=10/57255
[DEBUG] Manager::compress ENTRY Size=26107
[DEBUG_BLK] Stream Start: 28 B5 2F FD 60 FB 64 D9 2F 03 4E B6 84 4B C4 8F 
[DEBUG_BLK] Raw Header @ 7: D9 2F 03
[DEBUG_BLK] Block: Type=Raw, Size=26107, Last=1, Offset=10/26117
[DEBUG] Manager::compress ENTRY Size=38026
[DEBUG_BLK] Stream Start: 28 B5 2F FD 60 8A 93 51 A4 04 6C 7B D0 EA BC 77 
[DEBUG_BLK] Raw Header @ 7: 51 A4 04
[DEBUG_BLK] Block: Type=Raw, Size=38026, Last=1, Offset=10/38036
[DEBUG] Manager::compress ENTRY Size=45970
[DEBUG_BLK] Stream Start: 28 B5 2F FD 60 92 B2 91 9C 05 BA 2B 8F 49 1F 2A 
[DEBUG_BLK] Raw Header @ 7: 91 9C 05
[DEBUG_BLK] Block: Type=Raw, Size=45970, Last=1, Offset=10/45980
[DEBUG] Manager::compress ENTRY Size=54606
[DEBUG_BLK] Stream Start: 28 B5 2F FD 60 4E D4 71 AA 06 DD CC 48 58 12 F8 
[DEBUG_BLK] Raw Header @ 7: 71 AA 06
[DEBUG_BLK] Block: Type=Raw, Size=54606, Last=1, Offset=10/54616
[DEBUG] Manager::compress ENTRY Size=32342
[DEBUG_BLK] Stream Start: 28 B5 2F FD 60 56 7D B1 F2 03 A4 EA 61 37 A9 68 
[DEBUG_BLK] Raw Header @ 7: B1 F2 03
[DEBUG_BLK] Block: Type=Raw, Size=32342, Last=1, Offset=10/32352
[DEBUG] Manager::compress ENTRY Size=56356
[DEBUG_BLK] Stream Start: 28 B5 2F FD 60 24 DB 21 E1 06 49 07 F5 52 C5 9C 
[DEBUG_BLK] Raw Header @ 7: 21 E1 06
[DEBUG_BLK] Block: Type=Raw, Size=56356, Last=1, Offset=10/56366
[DEBUG] Manager::compress ENTRY Size=30978
[DEBUG_BLK] Stream Start: 28 B5 2F FD 60 02 78 11 C8 03 DB 0F 5F 6B 8E 54 
[DEBUG_BLK] Raw Header @ 7: 11 C8 03
[DEBUG_BLK] Block: Type=Raw, Size=30978, Last=1, Offset=10/30988
[DEBUG] Manager::compress ENTRY Size=37281
[DEBUG_BLK] Stream Start: 28 B5 2F FD 60 A1 90 09 8D 04 3F B0 73 AB 69 EB 
[DEBUG_BLK] Raw Header @ 7: 09 8D 04
[DEBUG_BLK] Block: Type=Raw, Size=37281, Last=1, Offset=10/37291
[DEBUG] Manager::compress ENTRY Size=11627
[DEBUG_BLK] Stream Start: 28 B5 2F FD 60 6B 2C 59 6B 01 09 32 C7 6C 17 6B 
[DEBUG_BLK] Raw Header @ 7: 59 6B 01
[DEBUG_BLK] Block: Type=Raw, Size=11627, Last=1, Offset=10/11637
[DEBUG] Manager::compress ENTRY Size=19720
[DEBUG_BLK] Stream Start: 28 B5 2F FD 60 08 4C 41 68 02 75 73 4E AD 3B 3F 
[DEBUG_BLK] Raw Header @ 7: 41 68 02
[DEBUG_BLK] Block: Type=Raw, Size=19720, Last=1, Offset=10/19730
[DEBUG] Manager::compress ENTRY Size=19501
[DEBUG_BLK] Stream Start: 28 B5 2F FD 60 2D 4B 69 61 02 BA 16 9A B7 F3 D3 
[DEBUG_BLK] Raw Header @ 7: 69 61 02
[DEBUG_BLK] Block: Type=Raw, Size=19501, Last=1, Offset=10/19511
[DEBUG] Manager::compress ENTRY Size=33941
[DEBUG_BLK] Stream Start: 28 B5 2F FD 60 95 83 A9 24 04 F1 23 76 86 31 C1 
[DEBUG_BLK] Raw Header @ 7: A9 24 04
[DEBUG_BLK] Block: Type=Raw, Size=33941, Last=1, Offset=10/33951
[DEBUG] Manager::compress ENTRY Size=267
[DEBUG_BLK] Stream Start: 28 B5 2F FD 60 0B 00 59 08 00 62 E5 DC E9 F1 E5 
[DEBUG_BLK] Raw Header @ 7: 59 08 00
[DEBUG_BLK] Block: Type=Raw, Size=267, Last=1, Offset=10/277
[DEBUG] Manager::compress ENTRY Size=25406
[DEBUG_BLK] Stream Start: 28 B5 2F FD 60 3E 62 F1 19 03 8C 01 CC CF D2 5D 
[DEBUG_BLK] Raw Header @ 7: F1 19 03
[DEBUG_BLK] Block: Type=Raw, Size=25406, Last=1, Offset=10/25416
[DEBUG] Manager::compress ENTRY Size=17004
[DEBUG_BLK] Stream Start: 28 B5 2F FD 60 6C 41 61 13 02 68 A4 0E 1C C9 B4 
[DEBUG_BLK] Raw Header @ 7: 61 13 02
[DEBUG_BLK] Block: Type=Raw, Size=17004, Last=1, Offset=10/17014
[DEBUG] Manager::compress ENTRY Size=54314
[DEBUG_BLK] Stream Start: 28 B5 2F FD 60 2A D3 51 A1 06 40 AE 0B 52 AD 27 
[DEBUG_BLK] Raw Header @ 7: 51 A1 06
[DEBUG_BLK] Block: Type=Raw, Size=54314, Last=1, Offset=10/54324
[DEBUG] Manager::compress ENTRY Size=26199
[DEBUG_BLK] Stream Start: 28 B5 2F FD 60 57 65 B9 32 03 5F CB F3 2E BB C7 
[DEBUG_BLK] Raw Header @ 7: B9 32 03
[DEBUG_BLK] Block: Type=Raw, Size=26199, Last=1, Offset=10/26209
[DEBUG] Manager::compress ENTRY Size=8382
[DEBUG_BLK] Stream Start: 28 B5 2F FD 60 BE 1F F1 05 01 1D 7F 9B 1A 22 26 
[DEBUG_BLK] Raw Header @ 7: F1 05 01
[DEBUG_BLK] Block: Type=Raw, Size=8382, Last=1, Offset=10/8392
[DEBUG] Manager::compress ENTRY Size=60204
[DEBUG_BLK] Stream Start: 28 B5 2F FD 60 2C EA 61 59 07 D5 6E 1A 08 BE A0 
[DEBUG_BLK] Raw Header @ 7: 61 59 07
[DEBUG_BLK] Block: Type=Raw, Size=60204, Last=1, Offset=10/60214
[DEBUG] Manager::compress ENTRY Size=55320
[DEBUG_BLK] Stream Start: 28 B5 2F FD 60 18 D7 C1 C0 06 FD 4D 8C AB 48 6B 
[DEBUG_BLK] Raw Header @ 7: C1 C0 06
[DEBUG_BLK] Block: Type=Raw, Size=55320, Last=1, Offset=10/55330
[DEBUG] Manager::compress ENTRY Size=14008
[DEBUG_BLK] Stream Start: 28 B5 2F FD 60 B8 35 C1 B5 01 C8 42 A2 AF 3F EA 
[DEBUG_BLK] Raw Header @ 7: C1 B5 01
[DEBUG_BLK] Block: Type=Raw, Size=14008, Last=1, Offset=10/14018
[DEBUG] Manager::compress ENTRY Size=28995
[DEBUG_BLK] Stream Start: 28 B5 2F FD 60 43 70 19 8A 03 1D DA F9 E8 BA D2 
[DEBUG_BLK] Raw Header @ 7: 19 8A 03
[DEBUG_BLK] Block: Type=Raw, Size=28995, Last=1, Offset=10/29005
[DEBUG] Manager::compress ENTRY Size=59833
[DEBUG_BLK] Stream Start: 28 B5 2F FD 60 B9 E8 C9 4D 07 04 6D E4 44 48 B1 
[DEBUG_BLK] Raw Header @ 7: C9 4D 07
[DEBUG_BLK] Block: Type=Raw, Size=59833, Last=1, Offset=10/59843
[DEBUG] Manager::compress ENTRY Size=12711
[DEBUG_BLK] Stream Start: 28 B5 2F FD 60 A7 30 39 8D 01 4D 79 3F C2 ED 31 
[DEBUG_BLK] Raw Header @ 7: 39 8D 01
[DEBUG_BLK] Block: Type=Raw, Size=12711, Last=1, Offset=10/12721
[DEBUG] Manager::compress ENTRY Size=57554
[DEBUG_BLK] Stream Start: 28 B5 2F FD 60 D2 DF 91 06 07 7E 21 3A 13 41 9C 
[DEBUG_BLK] Raw Header @ 7: 91 06 07
[DEBUG_BLK] Block: Type=Raw, Size=57554, Last=1, Offset=10/57564
[DEBUG] Manager::compress ENTRY Size=43607
[DEBUG_BLK] Stream Start: 28 B5 2F FD 60 57 A9 B9 52 05 AC 53 0B 82 57 F1 
[DEBUG_BLK] Raw Header @ 7: B9 52 05
[DEBUG_BLK] Block: Type=Raw, Size=43607, Last=1, Offset=10/43617
[DEBUG] Manager::compress ENTRY Size=43249
[DEBUG_BLK] Stream Start: 28 B5 2F FD 60 F1 A7 89 47 05 D2 D2 06 25 35 6B 
[DEBUG_BLK] Raw Header @ 7: 89 47 05
[DEBUG_BLK] Block: Type=Raw, Size=43249, Last=1, Offset=10/43259
[DEBUG] Manager::compress ENTRY Size=16735
[DEBUG_BLK] Stream Start: 28 B5 2F FD 60 5F 40 F9 0A 02 D8 AD 8F D8 74 08 
[DEBUG_BLK] Raw Header @ 7: F9 0A 02
[DEBUG_BLK] Block: Type=Raw, Size=16735, Last=1, Offset=10/16745
[DEBUG] Manager::compress ENTRY Size=20803
[DEBUG_BLK] Stream Start: 28 B5 2F FD 60 43 50 19 8A 02 6B 31 5C 00 2F FD 
[DEBUG_BLK] Raw Header @ 7: 19 8A 02
[DEBUG_BLK] Block: Type=Raw, Size=20803, Last=1, Offset=10/20813
[DEBUG] Manager::compress ENTRY Size=49292
[DEBUG_BLK] Stream Start: 28 B5 2F FD 60 8C BF 61 04 06 17 B1 F8 FA 7B 3F 
[DEBUG_BLK] Raw Header @ 7: 61 04 06
[DEBUG_BLK] Block: Type=Raw, Size=49292, Last=1, Offset=10/49302
[DEBUG] Manager::compress ENTRY Size=57043
[DEBUG_BLK] Stream Start: 28 B5 2F FD 60 D3 DD 99 F6 06 FB 18 55 D4 AC 69 
[DEBUG_BLK] Raw Header @ 7: 99 F6 06
[DEBUG_BLK] Block: Type=Raw, Size=57043, Last=1, Offset=10/57053
[DEBUG] Manager::compress ENTRY Size=29843
[DEBUG_BLK] Stream Start: 28 B5 2F FD 60 93 73 99 A4 03 16 9C 3B A8 69 F8 
[DEBUG_BLK] Raw Header @ 7: 99 A4 03
[DEBUG_BLK] Block: Type=Raw, Size=29843, Last=1, Offset=10/29853
[DEBUG] Manager::compress ENTRY Size=28110
[DEBUG_BLK] Stream Start: 28 B5 2F FD 60 CE 6C 71 6E 03 5D D5 73 E4 7E F6 
[DEBUG_BLK] Raw Header @ 7: 71 6E 03
[DEBUG_BLK] Block: Type=Raw, Size=28110, Last=1, Offset=10/28120
[DEBUG] Manager::compress ENTRY Size=11090
[DEBUG_BLK] Stream Start: 28 B5 2F FD 60 52 2A 91 5A 01 EC CD 28 A3 DD FA 
[DEBUG_BLK] Raw Header @ 7: 91 5A 01
[DEBUG_BLK] Block: Type=Raw, Size=11090, Last=1, Offset=10/11100
[DEBUG] Manager::compress ENTRY Size=18944
[DEBUG_BLK] Stream Start: 28 B5 2F FD 60 00 49 01 50 02 4D C6 2F BA 52 A1 
[DEBUG_BLK] Raw Header @ 7: 01 50 02
[DEBUG_BLK] Block: Type=Raw, Size=18944, Last=1, Offset=10/18954
[DEBUG] Manager::compress ENTRY Size=54721
[DEBUG_BLK] Stream Start: 28 B5 2F FD 60 C1 D4 09 AE 06 D3 DC 2E 11 E0 8A 
[DEBUG_BLK] Raw Header @ 7: 09 AE 06
[DEBUG_BLK] Block: Type=Raw, Size=54721, Last=1, Offset=10/54731
[DEBUG] Manager::compress ENTRY Size=19375
[DEBUG_BLK] Stream Start: 28 B5 2F FD 60 AF 4A 79 5D 02 08 8A 7D 77 D8 73 
[DEBUG_BLK] Raw Header @ 7: 79 5D 02
[DEBUG_BLK] Block: Type=Raw, Size=19375, Last=1, Offset=10/19385
[DEBUG] Manager::compress ENTRY Size=57351
[DEBUG_BLK] Stream Start: 28 B5 2F FD 60 07 DF 39 00 07 8D 7C 65 04 0C 12 
[DEBUG_BLK] Raw Header @ 7: 39 00 07
[DEBUG_BLK] Block: Type=Raw, Size=57351, Last=1, Offset=10/57361
[DEBUG] Manager::compress ENTRY Size=43312
[DEBUG_BLK] Stream Start: 28 B5 2F FD 60 30 A8 81 49 05 61 C5 91 8D 98 DC 
[DEBUG_BLK] Raw Header @ 7: 81 49 05
[DEBUG_BLK] Block: Type=Raw, Size=43312, Last=1, Offset=10/43322
[DEBUG] Manager::compress ENTRY Size=12787
[DEBUG_BLK] Stream Start: 28 B5 2F FD 60 F3 30 99 8F 01 37 DE 08 AA 49 60 
[DEBUG_BLK] Raw Header @ 7: 99 8F 01
[DEBUG_BLK] Block: Type=Raw, Size=12787, Last=1, Offset=10/12797
[DEBUG] Manager::compress ENTRY Size=58523
[DEBUG_BLK] Stream Start: 28 B5 2F FD 60 9B E3 D9 24 07 27 32 22 45 5C 3F 
[DEBUG_BLK] Raw Header @ 7: D9 24 07
[DEBUG_BLK] Block: Type=Raw, Size=58523, Last=1, Offset=10/58533
[DEBUG] Manager::compress ENTRY Size=25666
[DEBUG_BLK] Stream Start: 28 B5 2F FD 60 42 63 11 22 03 8B C0 DB F3 AF 9E 
[DEBUG_BLK] Raw Header @ 7: 11 22 03
[DEBUG_BLK] Block: Type=Raw, Size=25666, Last=1, Offset=10/25676
[DEBUG] Manager::compress ENTRY Size=15741
[DEBUG_BLK] Stream Start: 28 B5 2F FD 60 7D 3C E9 EB 01 42 67 0B C5 94 25 
[DEBUG_BLK] Raw Header @ 7: E9 EB 01
[DEBUG_BLK] Block: Type=Raw, Size=15741, Last=1, Offset=10/15751
[DEBUG] Manager::compress ENTRY Size=13448
[DEBUG_BLK] Stream Start: 28 B5 2F FD 60 88 33 41 A4 01 4B 66 CF 98 59 29 
[DEBUG_BLK] Raw Header @ 7: 41 A4 01
[DEBUG_BLK] Block: Type=Raw, Size=13448, Last=1, Offset=10/13458
[DEBUG] Manager::compress ENTRY Size=44737
[DEBUG_BLK] Stream Start: 28 B5 2F FD 60 C1 AD 09 76 05 ED A8 DF 15 95 20 
[DEBUG_BLK] Raw Header @ 7: 09 76 05
[DEBUG_BLK] Block: Type=Raw, Size=44737, Last=1, Offset=10/44747
[DEBUG] Manager::compress ENTRY Size=35186
[DEBUG_BLK] Stream Start: 28 B5 2F FD 60 72 88 91 4B 04 2F C2 62 19 D4 B6 
[DEBUG_BLK] Raw Header @ 7: 91 4B 04
[DEBUG_BLK] Block: Type=Raw, Size=35186, Last=1, Offset=10/35196
[DEBUG] Manager::compress ENTRY Size=22743
[DEBUG_BLK] Stream Start: 28 B5 2F FD 60 D7 57 B9 C6 02 1B FF AF 69 88 12 
[DEBUG_BLK] Raw Header @ 7: B9 C6 02
[DEBUG_BLK] Block: Type=Raw, Size=22743, Last=1, Offset=10/22753
[DEBUG] Manager::compress ENTRY Size=16555
[DEBUG_BLK] Stream Start: 28 B5 2F FD 60 AB 3F 59 05 02 A4 4E 89 9B 83 2C 
[DEBUG_BLK] Raw Header @ 7: 59 05 02
[DEBUG_BLK] Block: Type=Raw, Size=16555, Last=1, Offset=10/16565
[DEBUG] Manager::compress ENTRY Size=5873
[DEBUG_BLK] Stream Start: 28 B5 2F FD 60 F1 15 89 B7 00 33 6B C8 EE DC 1C 
[DEBUG_BLK] Raw Header @ 7: 89 B7 00
[DEBUG_BLK] Block: Type=Raw, Size=5873, Last=1, Offset=10/5883
[DEBUG] Manager::compress ENTRY Size=51851
[DEBUG_BLK] Stream Start: 28 B5 2F FD 60 8B C9 59 54 06 91 B6 10 C1 E3 53 
[DEBUG_BLK] Raw Header @ 7: 59 54 06
[DEBUG_BLK] Block: Type=Raw, Size=51851, Last=1, Offset=10/51861
[DEBUG] Manager::compress ENTRY Size=20127
[DEBUG_BLK] Stream Start: 28 B5 2F FD 60 9F 4D F9 74 02 4F 84 D1 06 55 B6 
[DEBUG_BLK] Raw Header @ 7: F9 74 02
[DEBUG_BLK] Block: Type=Raw, Size=20127, Last=1, Offset=10/20137
[DEBUG] Manager::compress ENTRY Size=21484
[DEBUG_BLK] Stream Start: 28 B5 2F FD 60 EC 52 61 9F 02 EB 08 A4 5A C0 0A 
[DEBUG_BLK] Raw Header @ 7: 61 9F 02
[DEBUG_BLK] Block: Type=Raw, Size=21484, Last=1, Offset=10/21494
[DEBUG] Manager::compress ENTRY Size=10210
[DEBUG_BLK] Stream Start: 28 B5 2F FD 60 E2 26 11 3F 01 0C E3 AE 92 CC 98 
[DEBUG_BLK] Raw Header @ 7: 11 3F 01
[DEBUG_BLK] Block: Type=Raw, Size=10210, Last=1, Offset=10/10220
[DEBUG] Manager::compress ENTRY Size=64780
[DEBUG_BLK] Stream Start: 28 B5 2F FD 60 0C FC 61 E8 07 80 66 77 76 80 D0 
[DEBUG_BLK] Raw Header @ 7: 61 E8 07
[DEBUG_BLK] Block: Type=Raw, Size=64780, Last=1, Offset=10/64790
[DEBUG] Manager::compress ENTRY Size=8304
[DEBUG_BLK] Stream Start: 28 B5 2F FD 60 70 1F 81 03 01 85 AD B3 87 45 27 
[DEBUG_BLK] Raw Header @ 7: 81 03 01
[DEBUG_BLK] Block: Type=Raw, Size=8304, Last=1, Offset=10/8314
[DEBUG] Manager::compress ENTRY Size=62268
[DEBUG_BLK] Stream Start: 28 B5 2F FD 60 3C F2 E1 99 07 5A 7A 57 D2 EE AA 
[DEBUG_BLK] Raw Header @ 7: E1 99 07
[DEBUG_BLK] Block: Type=Raw, Size=62268, Last=1, Offset=10/62278
[DEBUG] Manager::compress ENTRY Size=36397
[DEBUG_BLK] Stream Start: 28 B5 2F FD 60 2D 8D 69 71 04 46 16 A3 66 9F C7 
[DEBUG_BLK] Raw Header @ 7: 69 71 04
[DEBUG_BLK] Block: Type=Raw, Size=36397, Last=1, Offset=10/36407
[DEBUG] Manager::compress ENTRY Size=17505
[DEBUG_BLK] Stream Start: 28 B5 2F FD 60 61 43 09 23 02 41 90 AF D5 A9 E8 
[DEBUG_BLK] Raw Header @ 7: 09 23 02
[DEBUG_BLK] Block: Type=Raw, Size=17505, Last=1, Offset=10/17515
[DEBUG] Manager::compress ENTRY Size=55874
[DEBUG_BLK] Stream Start: 28 B5 2F FD 60 42 D9 11 D2 06 0B 8F 5E 7A 3E 50 
[DEBUG_BLK] Raw Header @ 7: 11 D2 06
[DEBUG_BLK] Block: Type=Raw, Size=55874, Last=1, Offset=10/55884
[DEBUG] Manager::compress ENTRY Size=5247
[DEBUG_BLK] Stream Start: 28 B5 2F FD 60 7F 13 F9 A3 00 9E E6 82 88 4C 0C 
[DEBUG_BLK] Raw Header @ 7: F9 A3 00
[DEBUG_BLK] Block: Type=Raw, Size=5247, Last=1, Offset=10/5257
[DEBUG] Manager::compress ENTRY Size=13170
[DEBUG_BLK] Stream Start: 28 B5 2F FD 60 72 32 91 9B 01 33 FE 35 E9 27 1C 
[DEBUG_BLK] Raw Header @ 7: 91 9B 01
[DEBUG_BLK] Block: Type=Raw, Size=13170, Last=1, Offset=10/13180
[DEBUG] Manager::compress ENTRY Size=23460
[DEBUG_BLK] Stream Start: 28 B5 2F FD 60 A4 5A 21 DD 02 A8 E8 F4 45 F8 96 
[DEBUG_BLK] Raw Header @ 7: 21 DD 02
[DEBUG_BLK] Block: Type=Raw, Size=23460, Last=1, Offset=10/23470
[DEBUG] Manager::compress ENTRY Size=17611
[DEBUG_BLK] Stream Start: 28 B5 2F FD 60 CB 43 59 26 02 A5 9B 81 E8 87 A7 
[DEBUG_BLK] Raw Header @ 7: 59 26 02
[DEBUG_BLK] Block: Type=Raw, Size=17611, Last=1, Offset=10/17621
[DEBUG] Manager::compress ENTRY Size=34802
[DEBUG_BLK] Stream Start: 28 B5 2F FD 60 F2 86 91 3F 04 7F 63 41 AD 42 49 
[DEBUG_BLK] Raw Header @ 7: 91 3F 04
[DEBUG_BLK] Block: Type=Raw, Size=34802, Last=1, Offset=10/34812
[DEBUG] Manager::compress ENTRY Size=4089
[DEBUG_BLK] Stream Start: 28 B5 2F FD 60 F9 0E C9 7F 00 27 D1 28 28 FC 4F 
[DEBUG_BLK] Raw Header @ 7: C9 7F 00
[DEBUG_BLK] Block: Type=Raw, Size=4089, Last=1, Offset=10/4099
[DEBUG] Manager::compress ENTRY Size=62698
[DEBUG_BLK] Stream Start: 28 B5 2F FD 60 EA F3 51 A7 07 33 FD 54 7A 4B 91 
[DEBUG_BLK] Raw Header @ 7: 51 A7 07
[DEBUG_BLK] Block: Type=Raw, Size=62698, Last=1, Offset=10/62708
[DEBUG] Manager::compress ENTRY Size=40469
[DEBUG_BLK] Stream Start: 28 B5 2F FD 60 15 9D A9 F0 04 E2 E9 C9 3D 6C D3 
[DEBUG_BLK] Raw Header @ 7: A9 F0 04
[DEBUG_BLK] Block: Type=Raw, Size=40469, Last=1, Offset=10/40479
[DEBUG] Manager::compress ENTRY Size=24118
[DEBUG_BLK] Stream Start: 28 B5 2F FD 60 36 5D B1 F1 02 9B 94 A8 DF 4E 38 
[DEBUG_BLK] Raw Header @ 7: B1 F1 02
[DEBUG_BLK] Block: Type=Raw, Size=24118, Last=1, Offset=10/24128
[DEBUG] Manager::compress ENTRY Size=12614
[DEBUG_BLK] Stream Start: 28 B5 2F FD 60 46 30 31 8A 01 B8 C9 9B 95 B0 8B 
[DEBUG_BLK] Raw Header @ 7: 31 8A 01
[DEBUG_BLK] Block: Type=Raw, Size=12614, Last=1, Offset=10/12624
[DEBUG] Manager::compress ENTRY Size=62402
[DEBUG_BLK] Stream Start: 28 B5 2F FD 60 C2 F2 11 9E 07 3A 42 30 9D E2 3A 
[DEBUG_BLK] Raw Header @ 7: 11 9E 07
[DEBUG_BLK] Block: Type=Raw, Size=62402, Last=1, Offset=10/62412
[DEBUG] Manager::compress ENTRY Size=1813
[DEBUG_BLK] Stream Start: 28 B5 2F FD 60 15 06 A9 38 00 36 79 E8 E4 D1 06 
[DEBUG_BLK] Raw Header @ 7: A9 38 00
[DEBUG_BLK] Block: Type=Raw, Size=1813, Last=1, Offset=10/1823
[DEBUG] Manager::compress ENTRY Size=1749
[DEBUG_BLK] Stream Start: 28 B5 2F FD 60 D5 05 A9 36 00 D6 D2 F8 AB 72 1F 
[DEBUG_BLK] Raw Header @ 7: A9 36 00
[DEBUG_BLK] Block: Type=Raw, Size=1749, Last=1, Offset=10/1759
[DEBUG] Manager::compress ENTRY Size=19147
[DEBUG_BLK] Stream Start: 28 B5 2F FD 60 CB 49 59 56 02 BB 53 91 00 4D 24 
[DEBUG_BLK] Raw Header @ 7: 59 56 02
[DEBUG_BLK] Block: Type=Raw, Size=19147, Last=1, Offset=10/19157
[DEBUG] Manager::compress ENTRY Size=34452
[DEBUG_BLK] Stream Start: 28 B5 2F FD 60 94 85 A1 34 04 AC B8 7C D4 D3 BB 
[DEBUG_BLK] Raw Header @ 7: A1 34 04
[DEBUG_BLK] Block: Type=Raw, Size=34452, Last=1, Offset=10/34462
  [INFO] Passed: 100/100
  [PASS] Random Inputs Round-trip

[TEST] All Compression Levels (1-22)

  Level | Ratio   | Status
  ------|---------|--------
[DEBUG] Manager::compress ENTRY Size=65536
[DEBUG_BLK] Stream Start: 28 B5 2F FD 60 00 FF 55 04 00 04 08 00 01 02 03 
[DEBUG_BLK] Raw Header @ 7: 55 04 00
[DEBUG_BLK] Block: Type=Compressed, Size=138, Last=1, Offset=10/148
[DEBUG_BLK] Block Start Dump (138 bytes) @ 0x92528000a:
04 08 00 01 02 03 04 05 06 07 08 09 0a 0b 0c 0d 
0e 0f 10 11 12 13 14 15 16 17 18 19 1a 1b 1c 1d 
1e 1f 20 21 22 23 24 25 26 27 28 29 2a 2b 2c 2d 
2e 2f 30 31 32 33 34 35 36 37 38 39 3a 3b 3c 3d 
3e 3f 40 41 42 43 44 45 46 47 48 49 4a 4b 4c 4d 
4e 4f 50 51 52 53 54 55 56 57 58 59 5a 5b 5c 5d 
5e 5f 60 61 62 63 64 65 66 67 68 69 6a 6b 6c 6d 
6e 6f 70 71 72 73 74 75 76 77 78 79 7a 7b 7c 7d 
7e 7f 01 00 80 be ff 40 37 52 
[DEBUG] decompress_literals: Type=0, SizeFmt=1, Byte0=0x04, H=[04 08 00 01 02]
[DEBUG_LITS_VAL] Raw/RLE Result: Header=2, Decomp=128
[DEBUG] decompress_block: input_size=138, sequences_offset=130 (LitHdr=2 + LitComp=128), LitDecomp=128
[DEBUG] decompress_sequences: NumSeq=1, Offset=1
[DEBUG] decompress_sequences: FSE_Modes=0x00
[DEBUG_SEQ] Modes: LL=0, OF=0, ML=0, NumSeq=1
[DEBUG] Bitstream (Size=6): 80 BE FF 40 37 52 
[DEBUG_TBL] LL Table (Log=6): State[0-5]->Symbol: 0,0,1,3,4,6; State[19]->27
[DEBUG] OF Table Built: State 11 -> Symbol 8, nbBits 4, newState 0
[WARN] Clamping LL[0]: 131 -> 128 (Limit 128, Total 0)
[DEBUG] Seq 0: LitOff=0, MatchOff=0, OutOff=0
    Mismatch at byte 128: expected 0, got 162
      1 |  442.81 | FAIL
  [FAIL] test_all_compression_levels: Level 1 failed verification

[TEST] ZSTD Frame Format Validation
[DEBUG] Manager::compress ENTRY Size=1024
  [INFO] Magic number: 0xfd2fb528
  [INFO] ✓ Valid ZSTD magic number
  [INFO] Compressed size: 19 bytes
  [INFO] ✓ Frame format appears valid
  [PASS] Frame Format Validation

[TEST] Checksum Validation
[DEBUG] Manager::compress ENTRY Size=4096
  [INFO] Compressed data size: 276 bytes
  [INFO] Note: Checksum validation via decompression round-trip
[DEBUG_BLK] Stream Start: 28 B5 2F FD 60 00 0F 55 08 00 04 10 00 01 02 03 
[DEBUG_BLK] Raw Header @ 7: 55 08 00
[DEBUG_BLK] Block: Type=Compressed, Size=266, Last=1, Offset=10/276
[DEBUG_BLK] Block Start Dump (266 bytes) @ 0x9031fc20a:
04 10 00 01 02 03 04 05 06 07 08 09 0a 0b 0c 0d 
0e 0f 10 11 12 13 14 15 16 17 18 19 1a 1b 1c 1d 
1e 1f 20 21 22 23 24 25 26 27 28 29 2a 2b 2c 2d 
2e 2f 30 31 32 33 34 35 36 37 38 39 3a 3b 3c 3d 
3e 3f 40 41 42 43 44 45 46 47 48 49 4a 4b 4c 4d 
4e 4f 50 51 52 53 54 55 56 57 58 59 5a 5b 5c 5d 
5e 5f 60 61 62 63 64 65 66 67 68 69 6a 6b 6c 6d 
6e 6f 70 71 72 73 74 75 76 77 78 79 7a 7b 7c 7d 
7e 7f 80 81 82 83 84 85 86 87 88 89 8a 8b 8c 8d 
8e 8f 90 91 92 93 94 95 96 97 98 99 9a 9b 9c 9d 
9e 9f a0 a1 a2 a3 a4 a5 a6 a7 a8 a9 aa ab ac ad 
ae af b0 b1 b2 b3 b4 b5 b6 b7 b8 b9 ba bb bc bd 
be bf c0 c1 c2 c3 c4 c5 c6 c7 c8 c9 ca cb cc cd 
ce cf d0 d1 d2 d3 d4 d5 d6 d7 d8 d9 da db dc dd 
de df e0 e1 e2 e3 e4 e5 e6 e7 e8 e9 ea eb ec ed 
ee ef f0 f1 f2 f3 f4 f5 f6 f7 f8 f9 fa fb fc fd 
fe ff 01 00 00 fd 1e f0 d7 14 
[DEBUG] decompress_literals: Type=0, SizeFmt=1, Byte0=0x04, H=[04 10 00 01 02]
[DEBUG_LITS_VAL] Raw/RLE Result: Header=2, Decomp=256
[DEBUG] decompress_block: input_size=266, sequences_offset=258 (LitHdr=2 + LitComp=256), LitDecomp=256
[DEBUG] decompress_sequences: NumSeq=1, Offset=1
[DEBUG] decompress_sequences: FSE_Modes=0x00
[DEBUG_SEQ] Modes: LL=0, OF=0, ML=0, NumSeq=1
[DEBUG] Bitstream (Size=6): 00 FD 1E F0 D7 14 
[DEBUG_TBL] LL Table (Log=6): State[0-5]->Symbol: 0,0,1,3,4,6; State[19]->27
[DEBUG] OF Table Built: State 11 -> Symbol 8, nbBits 4, newState 0
[WARN] Clamping LL[0]: 259 -> 256 (Limit 256, Total 0)
[DEBUG] Seq 0: LitOff=0, MatchOff=0, OutOff=0
  [FAIL] test_checksum_validation: Decompressed size mismatch

[TEST] Special Data Patterns
  [INFO] Testing: All zeros
[DEBUG] Manager::compress ENTRY Size=8192
[DEBUG_BLK] Stream Start: 28 B5 2F FD 60 00 1F 45 00 00 08 00 01 00 FC 4F 
[DEBUG_BLK] Raw Header @ 7: 45 00 00
[DEBUG_BLK] Block: Type=Compressed, Size=8, Last=1, Offset=10/18
[DEBUG_BLK] Block Start Dump (8 bytes) @ 0x903ff5a0a:
08 00 01 00 fc 4f ef 84 
[DEBUG] decompress_literals: Type=0, SizeFmt=2, Byte0=0x08, H=[08 00 01 00 FC]
[DEBUG_LITS_VAL] Raw/RLE Result: Header=3, Decomp=4096
  [FAIL] test_special_patterns: All zeros decompression failed

[TEST] Byte Alignment and Padding
[DEBUG] Manager::compress ENTRY Size=1
[DEBUG_BLK] Stream Start: 28 B5 2F FD 20 01 09 00 00 00 B4 D4 FE DE 7C 67 
[DEBUG_BLK] Raw Header @ 6: 09 00 00
[DEBUG_BLK] Block: Type=Raw, Size=1, Last=1, Offset=9/10
[DEBUG] Manager::compress ENTRY Size=3
[DEBUG_BLK] Stream Start: 28 B5 2F FD 20 03 19 00 00 00 01 02 FE DE 7C 67 
[DEBUG_BLK] Raw Header @ 6: 19 00 00
[DEBUG_BLK] Block: Type=Raw, Size=3, Last=1, Offset=9/12
[DEBUG] Manager::compress ENTRY Size=5
[DEBUG_BLK] Stream Start: 28 B5 2F FD 20 05 29 00 00 00 01 02 03 04 7C 67 
[DEBUG_BLK] Raw Header @ 6: 29 00 00
[DEBUG_BLK] Block: Type=Raw, Size=5, Last=1, Offset=9/14
[DEBUG] Manager::compress ENTRY Size=7
[DEBUG_BLK] Stream Start: 28 B5 2F FD 20 07 39 00 00 00 01 02 03 04 05 06 
[DEBUG_BLK] Raw Header @ 6: 39 00 00
[DEBUG_BLK] Block: Type=Raw, Size=7, Last=1, Offset=9/16
[DEBUG] Manager::compress ENTRY Size=9
[DEBUG_BLK] Stream Start: 28 B5 2F FD 20 09 49 00 00 00 01 02 03 04 05 06 
[DEBUG_BLK] Raw Header @ 6: 49 00 00
[DEBUG_BLK] Block: Type=Raw, Size=9, Last=1, Offset=9/18
[DEBUG] Manager::compress ENTRY Size=11
[DEBUG_BLK] Stream Start: 28 B5 2F FD 20 0B 59 00 00 00 01 02 03 04 05 06 
[DEBUG_BLK] Raw Header @ 6: 59 00 00
[DEBUG_BLK] Block: Type=Raw, Size=11, Last=1, Offset=9/20
[DEBUG] Manager::compress ENTRY Size=13
[DEBUG_BLK] Stream Start: 28 B5 2F FD 20 0D 69 00 00 00 01 02 03 04 05 06 
[DEBUG_BLK] Raw Header @ 6: 69 00 00
[DEBUG_BLK] Block: Type=Raw, Size=13, Last=1, Offset=9/22
[DEBUG] Manager::compress ENTRY Size=15
[DEBUG_BLK] Stream Start: 28 B5 2F FD 20 0F 79 00 00 00 01 02 03 04 05 06 
[DEBUG_BLK] Raw Header @ 6: 79 00 00
[DEBUG_BLK] Block: Type=Raw, Size=15, Last=1, Offset=9/24
[DEBUG] Manager::compress ENTRY Size=17
[DEBUG_BLK] Stream Start: 28 B5 2F FD 20 11 89 00 00 00 01 02 03 04 05 06 
[DEBUG_BLK] Raw Header @ 6: 89 00 00
[DEBUG_BLK] Block: Type=Raw, Size=17, Last=1, Offset=9/26
[DEBUG] Manager::compress ENTRY Size=19
[DEBUG_BLK] Stream Start: 28 B5 2F FD 20 13 99 00 00 00 01 02 03 04 05 06 
[DEBUG_BLK] Raw Header @ 6: 99 00 00
[DEBUG_BLK] Block: Type=Raw, Size=19, Last=1, Offset=9/28
  [INFO] Passed: 10/10 unaligned sizes
  [PASS] Byte Alignment

[TEST] Deterministic Compression
[DEBUG] Manager::compress ENTRY Size=32768
[DEBUG] Manager::compress ENTRY Size=32768
  [INFO] First compression: 32778 bytes
  [INFO] Second compression: 32778 bytes
  [INFO] ✓ Compression is deterministic (bit-exact)
  [PASS] Deterministic Compression
========================================
TEST RESULTS
========================================
Passed: 4/9
Failed: 5/9

✗ SOME TESTS FAILED
========================================
